Archive member included to satisfy reference by file (symbol)

d:/rt-threadstudio/repo/extract/toolchain_support_packages/arm/gnu_tools_for_arm_embedded_processors/10.2.1/bin/../lib/gcc/arm-none-eabi/10.2.1/../../../../arm-none-eabi/lib/thumb/v8-m.main+fp/hard\libc.a(lib_a-atoi.o)
                              ./rt-thread/components/drivers/sensors/sensor_cmd.o (atoi)
d:/rt-threadstudio/repo/extract/toolchain_support_packages/arm/gnu_tools_for_arm_embedded_processors/10.2.1/bin/../lib/gcc/arm-none-eabi/10.2.1/../../../../arm-none-eabi/lib/thumb/v8-m.main+fp/hard\libc.a(lib_a-exit.o)
                              d:/rt-threadstudio/repo/extract/toolchain_support_packages/arm/gnu_tools_for_arm_embedded_processors/10.2.1/bin/../lib/gcc/arm-none-eabi/10.2.1/../../../../arm-none-eabi/lib/thumb/v8-m.main+fp/hard/crt0.o (exit)
d:/rt-threadstudio/repo/extract/toolchain_support_packages/arm/gnu_tools_for_arm_embedded_processors/10.2.1/bin/../lib/gcc/arm-none-eabi/10.2.1/../../../../arm-none-eabi/lib/thumb/v8-m.main+fp/hard\libc.a(lib_a-impure.o)
                              d:/rt-threadstudio/repo/extract/toolchain_support_packages/arm/gnu_tools_for_arm_embedded_processors/10.2.1/bin/../lib/gcc/arm-none-eabi/10.2.1/../../../../arm-none-eabi/lib/thumb/v8-m.main+fp/hard\libc.a(lib_a-exit.o) (_global_impure_ptr)
d:/rt-threadstudio/repo/extract/toolchain_support_packages/arm/gnu_tools_for_arm_embedded_processors/10.2.1/bin/../lib/gcc/arm-none-eabi/10.2.1/../../../../arm-none-eabi/lib/thumb/v8-m.main+fp/hard\libc.a(lib_a-memcmp.o)
                              ./rt-thread/components/finsh/shell.o (memcmp)
d:/rt-threadstudio/repo/extract/toolchain_support_packages/arm/gnu_tools_for_arm_embedded_processors/10.2.1/bin/../lib/gcc/arm-none-eabi/10.2.1/../../../../arm-none-eabi/lib/thumb/v8-m.main+fp/hard\libc.a(lib_a-memcpy.o)
                              ./ra/fsp/src/r_sci_uart/r_sci_uart.o (memcpy)
d:/rt-threadstudio/repo/extract/toolchain_support_packages/arm/gnu_tools_for_arm_embedded_processors/10.2.1/bin/../lib/gcc/arm-none-eabi/10.2.1/../../../../arm-none-eabi/lib/thumb/v8-m.main+fp/hard\libc.a(lib_a-memset.o)
                              d:/rt-threadstudio/repo/extract/toolchain_support_packages/arm/gnu_tools_for_arm_embedded_processors/10.2.1/bin/../lib/gcc/arm-none-eabi/10.2.1/../../../../arm-none-eabi/lib/thumb/v8-m.main+fp/hard/crt0.o (memset)
d:/rt-threadstudio/repo/extract/toolchain_support_packages/arm/gnu_tools_for_arm_embedded_processors/10.2.1/bin/../lib/gcc/arm-none-eabi/10.2.1/../../../../arm-none-eabi/lib/thumb/v8-m.main+fp/hard\libc.a(lib_a-strcat.o)
                              ./rt-thread/components/drivers/sensors/sensor.o (strcat)
d:/rt-threadstudio/repo/extract/toolchain_support_packages/arm/gnu_tools_for_arm_embedded_processors/10.2.1/bin/../lib/gcc/arm-none-eabi/10.2.1/../../../../arm-none-eabi/lib/thumb/v8-m.main+fp/hard\libc.a(lib_a-strcmp.o)
                              ./rt-thread/components/drivers/sensors/sensor_cmd.o (strcmp)
d:/rt-threadstudio/repo/extract/toolchain_support_packages/arm/gnu_tools_for_arm_embedded_processors/10.2.1/bin/../lib/gcc/arm-none-eabi/10.2.1/../../../../arm-none-eabi/lib/thumb/v8-m.main+fp/hard\libc.a(lib_a-strcpy.o)
                              ./rt-thread/components/finsh/shell.o (strcpy)
d:/rt-threadstudio/repo/extract/toolchain_support_packages/arm/gnu_tools_for_arm_embedded_processors/10.2.1/bin/../lib/gcc/arm-none-eabi/10.2.1/../../../../arm-none-eabi/lib/thumb/v8-m.main+fp/hard\libc.a(lib_a-strlen-stub.o)
                              ./rt-thread/components/finsh/msh.o (strlen)
d:/rt-threadstudio/repo/extract/toolchain_support_packages/arm/gnu_tools_for_arm_embedded_processors/10.2.1/bin/../lib/gcc/arm-none-eabi/10.2.1/../../../../arm-none-eabi/lib/thumb/v8-m.main+fp/hard\libc.a(lib_a-strncmp.o)
                              ./rt-thread/components/finsh/msh.o (strncmp)
d:/rt-threadstudio/repo/extract/toolchain_support_packages/arm/gnu_tools_for_arm_embedded_processors/10.2.1/bin/../lib/gcc/arm-none-eabi/10.2.1/../../../../arm-none-eabi/lib/thumb/v8-m.main+fp/hard\libc.a(lib_a-strncpy.o)
                              ./rt-thread/components/finsh/shell.o (strncpy)
d:/rt-threadstudio/repo/extract/toolchain_support_packages/arm/gnu_tools_for_arm_embedded_processors/10.2.1/bin/../lib/gcc/arm-none-eabi/10.2.1/../../../../arm-none-eabi/lib/thumb/v8-m.main+fp/hard\libc.a(lib_a-strtol.o)
                              d:/rt-threadstudio/repo/extract/toolchain_support_packages/arm/gnu_tools_for_arm_embedded_processors/10.2.1/bin/../lib/gcc/arm-none-eabi/10.2.1/../../../../arm-none-eabi/lib/thumb/v8-m.main+fp/hard\libc.a(lib_a-atoi.o) (_strtol_r)
d:/rt-threadstudio/repo/extract/toolchain_support_packages/arm/gnu_tools_for_arm_embedded_processors/10.2.1/bin/../lib/gcc/arm-none-eabi/10.2.1/../../../../arm-none-eabi/lib/thumb/v8-m.main+fp/hard\libc.a(lib_a-__call_atexit.o)
[...]
Memory Configuration

Name             Origin             Length             Attributes
FLASH            0x00000000         0x00100000         xr
RAM              0x20000000         0x00040000         xrw
DATA_FLASH       0x08000000         0x00002000         xr
QSPI_FLASH       0x60000000         0x04000000         xr
OSPI_DEVICE_0    0x68000000         0x08000000         xr
OSPI_DEVICE_1    0x70000000         0x10000000         xr
OSPI_DEVICE_0_RAM 0x68000000         0x08000000         xrw
OSPI_DEVICE_1_RAM 0x70000000         0x10000000         xrw
SDRAM            0x90000000         0x00000000         xrw
OPTION_SETTING   0x0100a100         0x00000100         r
OPTION_SETTING_S 0x0100a200         0x00000100         r
ID_CODE          0x00000000         0x00000000         xr
*default*        0x00000000         0xffffffff

Linker script and memory map

LOAD d:/rt-threadstudio/repo/extract/toolchain_support_packages/arm/gnu_tools_for_arm_embedded_processors/10.2.1/bin/../lib/gcc/arm-none-eabi/10.2.1/thumb/v8-m.main+fp/hard/crti.o
LOAD d:/rt-threadstudio/repo/extract/toolchain_support_packages/arm/gnu_tools_for_arm_embedded_processors/10.2.1/bin/../lib/gcc/arm-none-eabi/10.2.1/thumb/v8-m.main+fp/hard/crtbegin.o
LOAD d:/rt-threadstudio/repo/extract/toolchain_support_packages/arm/gnu_tools_for_arm_embedded_processors/10.2.1/bin/../lib/gcc/arm-none-eabi/10.2.1/../../../../arm-none-eabi/lib/thumb/v8-m.main+fp/hard/crt0.o
LOAD ./src/hal_entry.o
LOAD ./rt-thread/src/clock.o
LOAD ./rt-thread/src/components.o
LOAD ./rt-thread/src/device.o
LOAD ./rt-thread/src/idle.o
LOAD ./rt-thread/src/ipc.o
LOAD ./rt-thread/src/irq.o
LOAD ./rt-thread/src/kservice.o
LOAD ./rt-thread/src/mem.o
LOAD ./rt-thread/src/object.o
LOAD ./rt-thread/src/scheduler.o
LOAD ./rt-thread/src/thread.o
LOAD ./rt-thread/src/timer.o
LOAD ./rt-thread/libcpu/arm/cortex-m4/context_gcc.o
LOAD ./rt-thread/libcpu/arm/cortex-m4/cpuport.o
LOAD ./rt-thread/libcpu/arm/common/backtrace.o
LOAD ./rt-thread/libcpu/arm/common/div0.o
LOAD ./rt-thread/libcpu/arm/common/showmem.o
LOAD ./rt-thread/components/libc/compilers/newlib/syscalls.o
LOAD ./rt-thread/components/libc/compilers/common/stdlib.o
LOAD ./rt-thread/components/libc/compilers/common/time.o
LOAD ./rt-thread/components/finsh/cmd.o
LOAD ./rt-thread/components/finsh/msh.o
LOAD ./rt-thread/components/finsh/shell.o
LOAD ./rt-thread/components/drivers/serial/serial_v2.o
LOAD ./rt-thread/components/drivers/sensors/sensor.o
LOAD ./rt-thread/components/drivers/sensors/sensor_cmd.o
LOAD ./rt-thread/components/drivers/misc/pin.o
LOAD ./rt-thread/components/drivers/ipc/completion.o
LOAD ./rt-thread/components/drivers/ipc/dataqueue.o
LOAD ./rt-thread/components/drivers/ipc/pipe.o
LOAD ./rt-thread/components/drivers/ipc/ringblk_buf.o
LOAD ./rt-thread/components/drivers/ipc/ringbuffer.o
LOAD ./rt-thread/components/drivers/ipc/waitqueue.o
LOAD ./rt-thread/components/drivers/ipc/workqueue.o
LOAD ./ra_gen/common_data.o
LOAD ./ra_gen/hal_data.o
LOAD ./ra_gen/main.o
LOAD ./ra_gen/pin_data.o
LOAD ./ra_gen/vector_data.o
LOAD ./ra/fsp/src/r_sci_uart/r_sci_uart.o
LOAD ./ra/fsp/src/r_ioport/r_ioport.o
LOAD ./ra/fsp/src/r_icu/r_icu.o
LOAD ./ra/fsp/src/bsp/mcu/all/bsp_clocks.o
LOAD ./ra/fsp/src/bsp/mcu/all/bsp_common.o
LOAD ./ra/fsp/src/bsp/mcu/all/bsp_delay.o
LOAD ./ra/fsp/src/bsp/mcu/all/bsp_group_irq.o
LOAD ./ra/fsp/src/bsp/mcu/all/bsp_guard.o
LOAD ./ra/fsp/src/bsp/mcu/all/bsp_io.o
LOAD ./ra/fsp/src/bsp/mcu/all/bsp_irq.o
LOAD ./ra/fsp/src/bsp/mcu/all/bsp_register_protection.o
LOAD ./ra/fsp/src/bsp/mcu/all/bsp_rom_registers.o
LOAD ./ra/fsp/src/bsp/mcu/all/bsp_sbrk.o
LOAD ./ra/fsp/src/bsp/mcu/all/bsp_security.o
LOAD ./ra/fsp/src/bsp/cmsis/Device/RENESAS/Source/startup.o
LOAD ./ra/fsp/src/bsp/cmsis/Device/RENESAS/Source/system.o
LOAD ./packages/dhtxx-latest/src/dhtxx.o
LOAD ./packages/dhtxx-latest/src/sensor_asair_dhtxx.o
LOAD ./packages/dhtxx-latest/examples/dhtxx_sample.o
LOAD ./packages/dhtxx-latest/examples/sensor_dhtxx_sample.o
LOAD ./libraries/HAL_Drivers/drv_common.o
LOAD ./libraries/HAL_Drivers/drv_gpio.o
LOAD ./libraries/HAL_Drivers/drv_usart_v2.o
LOAD ./board/ports/drv_rw007.o
LOAD d:/rt-threadstudio/repo/extract/toolchain_support_packages/arm/gnu_tools_for_arm_embedded_processors/10.2.1/bin/../lib/gcc/arm-none-eabi/10.2.1/../../../../arm-none-eabi/lib/thumb/v8-m.main+fp/hard\libm.a
LOAD d:/rt-threadstudio/repo/extract/toolchain_support_packages/arm/gnu_tools_for_arm_embedded_processors/10.2.1/bin/../lib/gcc/arm-none-eabi/10.2.1/../../../../arm-none-eabi/lib/thumb/v8-m.main+fp/hard\libc.a
START GROUP
LOAD d:/rt-threadstudio/repo/extract/toolchain_support_packages/arm/gnu_tools_for_arm_embedded_processors/10.2.1/bin/../lib/gcc/arm-none-eabi/10.2.1/thumb/v8-m.main+fp/hard\libgcc.a
LOAD d:/rt-threadstudio/repo/extract/toolchain_support_packages/arm/gnu_tools_for_arm_embedded_processors/10.2.1/bin/../lib/gcc/arm-none-eabi/10.2.1/../../../../arm-none-eabi/lib/thumb/v8-m.main+fp/hard\libc.a
END GROUP
LOAD d:/rt-threadstudio/repo/extract/toolchain_support_packages/arm/gnu_tools_for_arm_embedded_processors/10.2.1/bin/../lib/gcc/arm-none-eabi/10.2.1/thumb/v8-m.main+fp/hard/crtend.o
LOAD d:/rt-threadstudio/repo/extract/toolchain_support_packages/arm/gnu_tools_for_arm_embedded_processors/10.2.1/bin/../lib/gcc/arm-none-eabi/10.2.1/thumb/v8-m.main+fp/hard/crtn.o
                0x20000000                RAM_START = 0x20000000
                0x00040000                RAM_LENGTH = 0x40000
                0x00000000                FLASH_START = 0x0
                0x00100000                FLASH_LENGTH = 0x100000
                0x08000000                DATA_FLASH_START = 0x8000000
                0x00002000                DATA_FLASH_LENGTH = 0x2000
                0x0100a100                OPTION_SETTING_START = 0x100a100
                0x00000100                OPTION_SETTING_LENGTH = 0x100
                0x0100a200                OPTION_SETTING_S_START = 0x100a200
                0x00000100                OPTION_SETTING_S_LENGTH = 0x100
                0x00000000                ID_CODE_START = 0x0
                0x00000000                ID_CODE_LENGTH = 0x0
                0x90000000                SDRAM_START = 0x90000000
                0x00000000                SDRAM_LENGTH = 0x0
                0x60000000                QSPI_FLASH_START = 0x60000000
                0x04000000                QSPI_FLASH_LENGTH = 0x4000000
                0x68000000                OSPI_DEVICE_0_START = 0x68000000
                0x08000000                OSPI_DEVICE_0_LENGTH = 0x8000000
                0x70000000                OSPI_DEVICE_1_START = 0x70000000
                0x10000000                OSPI_DEVICE_1_LENGTH = 0x10000000
                0x04000000                QSPI_FLASH_PRV_LENGTH = DEFINED (QSPI_FLASH_SIZE)?ABSOLUTE (QSPI_FLASH_SIZE):ABSOLUTE (QSPI_FLASH_LENGTH)
                0x08000000                OSPI_DEVICE_0_PRV_LENGTH = DEFINED (OSPI_DEVICE_0_SIZE)?ABSOLUTE (OSPI_DEVICE_0_SIZE):ABSOLUTE (OSPI_DEVICE_0_LENGTH)
                0x10000000                OSPI_DEVICE_1_PRV_LENGTH = DEFINED (OSPI_DEVICE_1_SIZE)?ABSOLUTE (OSPI_DEVICE_1_SIZE):ABSOLUTE (OSPI_DEVICE_1_LENGTH)
                0x00000000                __RESERVE_NS_RAM = ((! (DEFINED (PROJECT_NONSECURE)) && DEFINED (RAM_NS_BUFFER_LENGTH)) && (OPTION_SETTING_S_LENGTH != 0x0))
                0x00000000                RAM_NS_BUFFER_BLOCK_LENGTH = DEFINED (RAM_NS_BUFFER_LENGTH)?ALIGN (RAM_NS_BUFFER_LENGTH, 0x2000):0x0
                0x00000000                RAM_NS_BUFFER_LENGTH = DEFINED (RAM_NS_BUFFER_LENGTH)?RAM_NS_BUFFER_LENGTH:0x0
                0x20040000                RAM_NS_BUFFER_START = ((RAM_START + RAM_LENGTH) - RAM_NS_BUFFER_LENGTH)
                0x20040000                RAM_NS_BUFFER_BLOCK_START = ((RAM_START + RAM_LENGTH) - RAM_NS_BUFFER_BLOCK_LENGTH)
                0x0100a180                OPTION_SETTING_START_NS = 0x100a180
                0x00000001                __bl_FSP_BOOTABLE_IMAGE = 0x1
                0x00000001                __bln_FSP_BOOTABLE_IMAGE = 0x1
                0x00000001                PROJECT_SECURE_OR_FLAT = ((! (DEFINED (PROJECT_NONSECURE)) && OPTION_SETTING_LENGTH) && ! (DEFINED (FSP_BOOTABLE_IMAGE)))
                0x00000000                USE_OPTION_SETTING_NS = (DEFINED (PROJECT_NONSECURE) && ! (DEFINED (FSP_BOOTABLE_IMAGE)))
                0x00000000                __bl_FLASH_IMAGE_START = ! (DEFINED (FLASH_BOOTLOADER_LENGTH))?0x0:(FLASH_APPLICATION_IMAGE_NUMBER == 0x1)?(FLASH_BOOTLOADER_LENGTH + FLASH_BOOTLOADER_HEADER_LENGTH):(((FLASH_BOOTLOADER_LENGTH + FLASH_BOOTLOADER_SCRATCH_LENGTH) + FLASH_APPLICATION_S_LENGTH) + FLASH_BOOTLOADER_HEADER_LENGTH)
                0x00000000                __bl_FLASH_IMAGE_LENGTH = ! (DEFINED (FLASH_BOOTLOADER_LENGTH))?0x0:(FLASH_APPLICATION_S_LENGTH - FLASH_BOOTLOADER_HEADER_LENGTH)
                0x00000000                __bl_FLASH_IMAGE_END = (__bl_FLASH_IMAGE_START + __bl_FLASH_IMAGE_LENGTH)
                0x00000000                __bl_FLASH_NS_START = ! (DEFINED (FLASH_BOOTLOADER_LENGTH))?0x0:(FLASH_APPLICATION_NS_LENGTH == 0x0)?__bl_FLASH_IMAGE_END:((__bl_FLASH_IMAGE_START - FLASH_BOOTLOADER_HEADER_LENGTH) + FLASH_APPLICATION_S_LENGTH)
                0x00000000                __bl_FLASH_NSC_START = ! (DEFINED (FLASH_BOOTLOADER_LENGTH))?0x0:(FLASH_APPLICATION_NS_LENGTH == 0x0)?__bl_FLASH_IMAGE_END:(__bl_FLASH_NS_START - FLASH_APPLICATION_NSC_LENGTH)
                0x00000000                __bl_RAM_NS_START = ! (DEFINED (FLASH_BOOTLOADER_LENGTH))?0x0:(FLASH_APPLICATION_NS_LENGTH == 0x0)?(RAM_START + RAM_LENGTH):((RAM_START + RAM_LENGTH) - RAM_APPLICATION_NS_LENGTH)
                0x00000000                __bl_RAM_NSC_START = ! (DEFINED (FLASH_BOOTLOADER_LENGTH))?0x0:(FLASH_APPLICATION_NS_LENGTH == 0x0)?(RAM_START + RAM_LENGTH):(__bl_RAM_NS_START - RAM_APPLICATION_NSC_LENGTH)
                0x00000000                __bl_FLASH_NS_IMAGE_START = ! (DEFINED (FLASH_BOOTLOADER_LENGTH))?0x0:(FLASH_APPLICATION_NS_LENGTH == 0x0)?__bl_FLASH_IMAGE_END:(__bl_FLASH_NS_START + FLASH_BOOTLOADER_HEADER_LENGTH_2)
                0x00000000                __bln_FLASH_IMAGE_START = __bl_FLASH_NS_IMAGE_START
                0x00000000                __bln_FLASH_IMAGE_LENGTH = ! (DEFINED (FLASH_BOOTLOADER_LENGTH))?0x0:(FLASH_APPLICATION_NS_LENGTH == 0x0)?__bl_FLASH_IMAGE_END:(FLASH_APPLICATION_NS_LENGTH - FLASH_BOOTLOADER_HEADER_LENGTH_2)
                0x00000000                FLASH_ORIGIN = DEFINED (FLASH_IMAGE_START)?FLASH_IMAGE_START:FLASH_START
                0x00100000                LIMITED_FLASH_LENGTH = DEFINED (FLASH_IMAGE_LENGTH)?FLASH_IMAGE_LENGTH:DEFINED (FLASH_BOOTLOADER_LENGTH)?FLASH_BOOTLOADER_LENGTH:FLASH_LENGTH
START GROUP
LOAD d:/rt-threadstudio/repo/extract/toolchain_support_packages/arm/gnu_tools_for_arm_embedded_processors/10.2.1/bin/../lib/gcc/arm-none-eabi/10.2.1/thumb/v8-m.main+fp/hard\libgcc.a
LOAD d:/rt-threadstudio/repo/extract/toolchain_support_packages/arm/gnu_tools_for_arm_embedded_processors/10.2.1/bin/../lib/gcc/arm-none-eabi/10.2.1/../../../../arm-none-eabi/lib/thumb/v8-m.main+fp/hard\libc.a
LOAD d:/rt-threadstudio/repo/extract/toolchain_support_packages/arm/gnu_tools_for_arm_embedded_processors/10.2.1/bin/../lib/gcc/arm-none-eabi/10.2.1/../../../../arm-none-eabi/lib/thumb/v8-m.main+fp/hard\libm.a
LOAD d:/rt-threadstudio/repo/extract/toolchain_support_packages/arm/gnu_tools_for_arm_embedded_processors/10.2.1/bin/../lib/gcc/arm-none-eabi/10.2.1/../../../../arm-none-eabi/lib/thumb/v8-m.main+fp/hard\libnosys.a
END GROUP

.text           0x00000000    0x11190
                0x00000000                __tz_FLASH_S = ABSOLUTE (FLASH_START)
                0x00000000                __ROM_Start = .
 *(.fixed_vectors*)
 .fixed_vectors
                0x00000000       0x40 ./ra/fsp/src/bsp/cmsis/Device/RENESAS/Source/startup.o
                0x00000000                __Vectors
 *(.application_vectors*)
 .application_vectors
                0x00000040      0x180 ./ra_gen/vector_data.o
                0x00000040                g_vector_table
                0x000001c0                __Vectors_End = .
                0x000001c0                . = (OPTION_SETTING_LENGTH > 0x0)?.:(__ROM_Start + 0x400)
 *(.rom_registers*)
                0x000001c0                . = (OPTION_SETTING_LENGTH > 0x0)?.:(__ROM_Start + 0x500)
                0x00000200                . = ALIGN (0x80)
 *fill*         0x000001c0       0x40 ff
 *(.mcuboot_sce9_key*)
 *(.text*)
 .text          0x00000200       0x40 d:/rt-threadstudio/repo/extract/toolchain_support_packages/arm/gnu_tools_for_arm_embedded_processors/10.2.1/bin/../lib/gcc/arm-none-eabi/10.2.1/thumb/v8-m.main+fp/hard/crtbegin.o
 .text.hal_entry
                0x00000240       0x34 ./src/hal_entry.o
                0x00000240                hal_entry
 .text.irq_callback_test
                0x00000274       0x1c ./src/hal_entry.o
                0x00000274                irq_callback_test
 .text.icu_sample
                0x00000290       0x68 ./src/hal_entry.o
                0x00000290                icu_sample
 .text.rt_tick_get
                0x000002f8       0x18 ./rt-thread/src/clock.o
                0x000002f8                rt_tick_get
 .text.rt_tick_increase
                0x00000310       0x7c ./rt-thread/src/clock.o
                0x00000310                rt_tick_increase
 .text.rt_tick_from_millisecond
                0x0000038c       0x78 ./rt-thread/src/clock.o
                0x0000038c                rt_tick_from_millisecond
 .text.rti_start
                0x00000404       0x10 ./rt-thread/src/components.o
 .text.rti_board_start
                0x00000414       0x10 ./rt-thread/src/components.o
 .text.rti_board_end
                0x00000424       0x10 ./rt-thread/src/components.o
 .text.rti_end  0x00000434       0x10 ./rt-thread/src/components.o
 .text.rt_components_board_init
                0x00000444       0x34 ./rt-thread/src/components.o
                0x00000444                rt_components_board_init
 .text.rt_components_init
                0x00000478       0x34 ./rt-thread/src/components.o
                0x00000478                rt_components_init
 .text.entry    0x000004ac        0xe ./rt-thread/src/components.o
                0x000004ac                entry
 .text.main_thread_entry
                0x000004ba       0x18 ./rt-thread/src/components.o
                0x000004ba                main_thread_entry
 *fill*         0x000004d2        0x2 ff
 .text.rt_application_init
                0x000004d4       0x4c ./rt-thread/src/components.o
                0x000004d4                rt_application_init
 .text.rtthread_startup
                0x00000520       0x2e ./rt-thread/src/components.o
                0x00000520                rtthread_startup
 .text.rt_device_register
                0x0000054e       0x54 ./rt-thread/src/device.o
                0x0000054e                rt_device_register
 .text.rt_device_find
                0x000005a2       0x1a ./rt-thread/src/device.o
                0x000005a2                rt_device_find
 .text.rt_device_open
                0x000005bc      0x108 ./rt-thread/src/device.o
                0x000005bc                rt_device_open
 .text.rt_device_close
                0x000006c4       0x9c ./rt-thread/src/device.o
                0x000006c4                rt_device_close
 .text.rt_device_read
                0x00000760       0x88 ./rt-thread/src/device.o
                0x00000760                rt_device_read
 .text.rt_device_write
                0x000007e8       0x88 ./rt-thread/src/device.o
                0x000007e8                rt_device_write
 .text.rt_device_control
                0x00000870       0x68 ./rt-thread/src/device.o
                0x00000870                rt_device_control
 .text.rt_device_set_rx_indicate
                0x000008d8       0x54 ./rt-thread/src/device.o
                0x000008d8                rt_device_set_rx_indicate
 .text.rt_list_insert_after
                0x0000092c       0x32 ./rt-thread/src/idle.o
 .text.rt_list_remove
                0x0000095e       0x36 ./rt-thread/src/idle.o
 .text.rt_thread_defunct_enqueue
                0x00000994       0x20 ./rt-thread/src/idle.o
                0x00000994                rt_thread_defunct_enqueue
 .text.rt_thread_defunct_dequeue
                0x000009b4       0x44 ./rt-thread/src/idle.o
                0x000009b4                rt_thread_defunct_dequeue
 .text.rt_defunct_execute
                0x000009f8       0x54 ./rt-thread/src/idle.o
 .text.rt_thread_idle_entry
                0x00000a4c       0x38 ./rt-thread/src/idle.o
 .text.rt_thread_idle_init
                0x00000a84       0x78 ./rt-thread/src/idle.o
                0x00000a84                rt_thread_idle_init
 .text.rt_list_init
                0x00000afc       0x22 ./rt-thread/src/ipc.o
 .text.rt_list_insert_before
                0x00000b1e       0x32 ./rt-thread/src/ipc.o
 .text.rt_list_isempty
                0x00000b50       0x24 ./rt-thread/src/ipc.o
 .text._ipc_object_init
                0x00000b74       0x1c ./rt-thread/src/ipc.o
 .text._ipc_list_suspend
                0x00000b90       0xa4 ./rt-thread/src/ipc.o
 .text._ipc_list_resume
                0x00000c34       0x20 ./rt-thread/src/ipc.o
 .text.rt_sem_init
                0x00000c54       0x88 ./rt-thread/src/ipc.o
                0x00000c54                rt_sem_init
 .text.rt_sem_create
                0x00000cdc       0xac ./rt-thread/src/ipc.o
                0x00000cdc                rt_sem_create
 .text.rt_sem_take
                0x00000d88      0x190 ./rt-thread/src/ipc.o
                0x00000d88                rt_sem_take
 .text.rt_sem_release
                0x00000f18       0xbc ./rt-thread/src/ipc.o
                0x00000f18                rt_sem_release
 .text.rt_mutex_init
                0x00000fd4       0x64 ./rt-thread/src/ipc.o
                0x00000fd4                rt_mutex_init
 .text.rt_mutex_create
                0x00001038       0x88 ./rt-thread/src/ipc.o
                0x00001038                rt_mutex_create
 .text.rt_mutex_take
                0x000010c0      0x21c ./rt-thread/src/ipc.o
                0x000010c0                rt_mutex_take
 .text.rt_mutex_release
                0x000012dc      0x1bc ./rt-thread/src/ipc.o
                0x000012dc                rt_mutex_release
 .text.rt_interrupt_enter
                0x00001498       0x40 ./rt-thread/src/irq.o
                0x00001498                rt_interrupt_enter
 .text.rt_interrupt_leave
                0x000014d8       0x40 ./rt-thread/src/irq.o
                0x000014d8                rt_interrupt_leave
 .text.rt_interrupt_get_nest
                0x00001518       0x28 ./rt-thread/src/irq.o
                0x00001518                rt_interrupt_get_nest
 .text.rt_set_errno
                0x00001540       0x40 ./rt-thread/src/kservice.o
                0x00001540                rt_set_errno
 .text._rt_errno
                0x00001580       0x34 ./rt-thread/src/kservice.o
                0x00001580                _rt_errno
 .text.rt_memset
                0x000015b4       0xb6 ./rt-thread/src/kservice.o
                0x000015b4                rt_memset
 .text.rt_memcpy
                0x0000166a       0xd2 ./rt-thread/src/kservice.o
                0x0000166a                rt_memcpy
 .text.rt_memmove
                0x0000173c       0x82 ./rt-thread/src/kservice.o
                0x0000173c                rt_memmove
 .text.rt_strncpy
                0x000017be       0x64 ./rt-thread/src/kservice.o
                0x000017be                rt_strncpy
 .text.rt_strncmp
                0x00001822       0x4a ./rt-thread/src/kservice.o
                0x00001822                rt_strncmp
 .text.rt_strlen
                0x0000186c       0x2e ./rt-thread/src/kservice.o
                0x0000186c                rt_strlen
 *fill*         0x0000189a        0x2 ff
 .text.rt_show_version
                0x0000189c       0x4c ./rt-thread/src/kservice.o
                0x0000189c                rt_show_version
 .text.divide   0x000018e8       0x68 ./rt-thread/src/kservice.o
 .text.skip_atoi
                0x00001950       0x40 ./rt-thread/src/kservice.o
 .text.print_number
                0x00001990      0x1dc ./rt-thread/src/kservice.o
 .text.rt_vsnprintf
                0x00001b6c      0x4ac ./rt-thread/src/kservice.o
                0x00001b6c                rt_vsnprintf
 .text.rt_vsprintf
                0x00002018       0x24 ./rt-thread/src/kservice.o
                0x00002018                rt_vsprintf
 .text.rt_sprintf
                0x0000203c       0x2c ./rt-thread/src/kservice.o
                0x0000203c                rt_sprintf
 .text.rt_console_get_device
                0x00002068       0x18 ./rt-thread/src/kservice.o
                0x00002068                rt_console_get_device
 .text.rt_console_set_device
                0x00002080       0x58 ./rt-thread/src/kservice.o
                0x00002080                rt_console_set_device
 .text.rt_hw_console_output
                0x000020d8       0x14 ./rt-thread/src/kservice.o
                0x000020d8                rt_hw_console_output
 .text.rt_kprintf
                0x000020ec       0x60 ./rt-thread/src/kservice.o
                0x000020ec                rt_kprintf
 .text._heap_lock_init
                0x0000214c       0x1c ./rt-thread/src/kservice.o
 .text._heap_lock
                0x00002168       0x28 ./rt-thread/src/kservice.o
 .text._heap_unlock
                0x00002190       0x40 ./rt-thread/src/kservice.o
 .text._smem_info
                0x000021d0       0x4c ./rt-thread/src/kservice.o
 .text.rt_system_heap_init
                0x0000221c       0x64 ./rt-thread/src/kservice.o
                0x0000221c                rt_system_heap_init
 .text.rt_malloc
                0x00002280       0x48 ./rt-thread/src/kservice.o
                0x00002280                rt_malloc
 .text.rt_calloc
                0x000022c8       0x3c ./rt-thread/src/kservice.o
                0x000022c8                rt_calloc
 .text.rt_free  0x00002304       0x38 ./rt-thread/src/kservice.o
                0x00002304                rt_free
 .text.rt_memory_info
                0x0000233c       0x2a ./rt-thread/src/kservice.o
                0x0000233c                rt_memory_info
 *fill*         0x00002366        0x2 ff
 .text.rt_assert_handler
                0x00002368       0x4c ./rt-thread/src/kservice.o
                0x00002368                rt_assert_handler
 .text.plug_holes
                0x000023b4       0xf8 ./rt-thread/src/mem.o
 .text.rt_smem_init
                0x000024ac      0x104 ./rt-thread/src/mem.o
                0x000024ac                rt_smem_init
 .text.rt_smem_alloc
                0x000025b0      0x268 ./rt-thread/src/mem.o
                0x000025b0                rt_smem_alloc
 .text.rt_smem_free
                0x00002818      0x140 ./rt-thread/src/mem.o
                0x00002818                rt_smem_free
 .text.rt_list_insert_after
                0x00002958       0x32 ./rt-thread/src/object.o
 .text.rt_list_remove
                0x0000298a       0x36 ./rt-thread/src/object.o
 .text.rt_object_get_information
                0x000029c0       0x48 ./rt-thread/src/object.o
                0x000029c0                rt_object_get_information
 .text.rt_object_init
                0x00002a08       0xcc ./rt-thread/src/object.o
                0x00002a08                rt_object_init
 .text.rt_object_detach
                0x00002ad4       0x5c ./rt-thread/src/object.o
                0x00002ad4                rt_object_detach
 .text.rt_object_allocate
                0x00002b30       0xd8 ./rt-thread/src/object.o
                0x00002b30                rt_object_allocate
 .text.rt_object_delete
                0x00002c08       0x7c ./rt-thread/src/object.o
                0x00002c08                rt_object_delete
 .text.rt_object_is_systemobject
                0x00002c84       0x3c ./rt-thread/src/object.o
                0x00002c84                rt_object_is_systemobject
 .text.rt_object_get_type
                0x00002cc0       0x34 ./rt-thread/src/object.o
                0x00002cc0                rt_object_get_type
 .text.rt_object_find
                0x00002cf4       0xb4 ./rt-thread/src/object.o
                0x00002cf4                rt_object_find
 .text.rt_list_init
                0x00002da8       0x22 ./rt-thread/src/scheduler.o
 .text.rt_list_insert_before
                0x00002dca       0x32 ./rt-thread/src/scheduler.o
 .text.rt_list_remove
                0x00002dfc       0x36 ./rt-thread/src/scheduler.o
 .text.rt_list_isempty
                0x00002e32       0x24 ./rt-thread/src/scheduler.o
 *fill*         0x00002e56        0x2 ff
 .text._rt_scheduler_stack_check
                0x00002e58       0x94 ./rt-thread/src/scheduler.o
 .text._scheduler_get_highest_priority_thread
                0x00002eec       0x38 ./rt-thread/src/scheduler.o
 .text.rt_system_scheduler_init
                0x00002f24       0x38 ./rt-thread/src/scheduler.o
                0x00002f24                rt_system_scheduler_init
 .text.rt_system_scheduler_start
                0x00002f5c       0x38 ./rt-thread/src/scheduler.o
                0x00002f5c                rt_system_scheduler_start
 .text.rt_schedule
                0x00002f94      0x19c ./rt-thread/src/scheduler.o
                0x00002f94                rt_schedule
 .text.rt_schedule_insert_thread
                0x00003130       0xac ./rt-thread/src/scheduler.o
                0x00003130                rt_schedule_insert_thread
 .text.rt_schedule_remove_thread
                0x000031dc       0x70 ./rt-thread/src/scheduler.o
                0x000031dc                rt_schedule_remove_thread
 .text.rt_enter_critical
                0x0000324c       0x2c ./rt-thread/src/scheduler.o
                0x0000324c                rt_enter_critical
 .text.rt_exit_critical
                0x00003278       0x54 ./rt-thread/src/scheduler.o
                0x00003278                rt_exit_critical
 .text.rt_critical_level
                0x000032cc       0x1c ./rt-thread/src/scheduler.o
                0x000032cc                rt_critical_level
 .text.rt_list_init
                0x000032e8       0x22 ./rt-thread/src/thread.o
 .text.rt_list_remove
                0x0000330a       0x36 ./rt-thread/src/thread.o
 .text._thread_exit
                0x00003340       0x42 ./rt-thread/src/thread.o
 *fill*         0x00003382        0x2 ff
 .text._thread_timeout
                0x00003384       0x8c ./rt-thread/src/thread.o
 .text._thread_init
                0x00003410       0xfc ./rt-thread/src/thread.o
 .text.rt_thread_init
                0x0000350c       0x70 ./rt-thread/src/thread.o
                0x0000350c                rt_thread_init
 .text.rt_thread_self
                0x0000357c       0x18 ./rt-thread/src/thread.o
                0x0000357c                rt_thread_self
 .text.rt_thread_startup
                0x00003594       0x94 ./rt-thread/src/thread.o
                0x00003594                rt_thread_startup
 .text.rt_thread_detach
                0x00003628       0xb0 ./rt-thread/src/thread.o
                0x00003628                rt_thread_detach
 .text.rt_thread_create
                0x000036d8       0x62 ./rt-thread/src/thread.o
                0x000036d8                rt_thread_create
 *fill*         0x0000373a        0x2 ff
 .text.rt_thread_delete
                0x0000373c       0xb0 ./rt-thread/src/thread.o
                0x0000373c                rt_thread_delete
 .text.rt_thread_sleep
                0x000037ec       0x94 ./rt-thread/src/thread.o
                0x000037ec                rt_thread_sleep
 .text.rt_thread_delay
                0x00003880       0x18 ./rt-thread/src/thread.o
                0x00003880                rt_thread_delay
 .text.rt_thread_mdelay
                0x00003898       0x20 ./rt-thread/src/thread.o
                0x00003898                rt_thread_mdelay
 .text.rt_thread_control
                0x000038b8       0xfc ./rt-thread/src/thread.o
                0x000038b8                rt_thread_control
 .text.rt_thread_suspend
                0x000039b4       0xc8 ./rt-thread/src/thread.o
                0x000039b4                rt_thread_suspend
 .text.rt_thread_resume
                0x00003a7c       0x98 ./rt-thread/src/thread.o
                0x00003a7c                rt_thread_resume
 .text.rt_list_init
                0x00003b14       0x22 ./rt-thread/src/timer.o
 .text.rt_list_insert_after
                0x00003b36       0x32 ./rt-thread/src/timer.o
 .text.rt_list_remove
                0x00003b68       0x36 ./rt-thread/src/timer.o
 .text.rt_list_isempty
                0x00003b9e       0x24 ./rt-thread/src/timer.o
 .text._timer_init
                0x00003bc2       0x6a ./rt-thread/src/timer.o
 .text._timer_list_next_timeout
                0x00003c2c       0x48 ./rt-thread/src/timer.o
 .text._timer_remove
                0x00003c74       0x36 ./rt-thread/src/timer.o
 *fill*         0x00003caa        0x2 ff
 .text.rt_timer_init
                0x00003cac       0x7c ./rt-thread/src/timer.o
                0x00003cac                rt_timer_init
 .text.rt_timer_detach
                0x00003d28       0x90 ./rt-thread/src/timer.o
                0x00003d28                rt_timer_detach
 .text.rt_timer_start
                0x00003db8      0x224 ./rt-thread/src/timer.o
                0x00003db8                rt_timer_start
 .text.rt_timer_stop
                0x00003fdc       0x94 ./rt-thread/src/timer.o
                0x00003fdc                rt_timer_stop
 .text.rt_timer_control
                0x00004070       0xf8 ./rt-thread/src/timer.o
                0x00004070                rt_timer_control
 .text.rt_timer_check
                0x00004168      0x108 ./rt-thread/src/timer.o
                0x00004168                rt_timer_check
 .text.rt_soft_timer_check
                0x00004270      0x11c ./rt-thread/src/timer.o
                0x00004270                rt_soft_timer_check
 .text._timer_thread_entry
                0x0000438c       0x5c ./rt-thread/src/timer.o
 .text.rt_system_timer_init
                0x000043e8       0x34 ./rt-thread/src/timer.o
                0x000043e8                rt_system_timer_init
 .text.rt_system_timer_thread_init
                0x0000441c       0x68 ./rt-thread/src/timer.o
                0x0000441c                rt_system_timer_thread_init
 .text          0x00004484      0x13c ./rt-thread/libcpu/arm/cortex-m4/context_gcc.o
                0x00004484                rt_hw_interrupt_disable
                0x0000448c                rt_hw_interrupt_enable
                0x00004492                rt_hw_context_switch_interrupt
                0x00004492                rt_hw_context_switch
                0x000044b2                PendSV_Handler
                0x0000451e                rt_hw_context_switch_to
                0x00004564                rt_hw_interrupt_thread_switch
                0x00004568                HardFault_Handler
 .text.rt_hw_stack_init
                0x000045c0       0x90 ./rt-thread/libcpu/arm/cortex-m4/cpuport.o
                0x000045c0                rt_hw_stack_init
 .text.usage_fault_track
                0x00004650       0xc4 ./rt-thread/libcpu/arm/cortex-m4/cpuport.o
 .text.bus_fault_track
                0x00004714       0xcc ./rt-thread/libcpu/arm/cortex-m4/cpuport.o
 .text.mem_manage_fault_track
                0x000047e0       0xb4 ./rt-thread/libcpu/arm/cortex-m4/cpuport.o
 .text.hard_fault_track
                0x00004894       0x78 ./rt-thread/libcpu/arm/cortex-m4/cpuport.o
 .text.rt_hw_hard_fault_exception
                0x0000490c      0x184 ./rt-thread/libcpu/arm/cortex-m4/cpuport.o
                0x0000490c                rt_hw_hard_fault_exception
 .text.__rt_ffs
                0x00004a90       0x2a ./rt-thread/libcpu/arm/cortex-m4/cpuport.o
                0x00004a90                __rt_ffs
 .text.__errno  0x00004aba        0xe ./rt-thread/components/libc/compilers/newlib/syscalls.o
                0x00004aba                __errno
 .text.rt_list_isempty
                0x00004ac8       0x24 ./rt-thread/components/finsh/cmd.o
 .text.rt_list_len
                0x00004aec       0x36 ./rt-thread/components/finsh/cmd.o
 *fill*         0x00004b22        0x2 ff
 .text.clear    0x00004b24       0x14 ./rt-thread/components/finsh/cmd.o
 .text.version  0x00004b38        0xe ./rt-thread/components/finsh/cmd.o
                0x00004b38                version
 *fill*         0x00004b46        0x2 ff
 .text.object_split
                0x00004b48       0x28 ./rt-thread/components/finsh/cmd.o
 .text.list_find_init
                0x00004b70       0x46 ./rt-thread/components/finsh/cmd.o
 .text.list_get_next
                0x00004bb6       0xc6 ./rt-thread/components/finsh/cmd.o
 .text.list_thread
                0x00004c7c      0x208 ./rt-thread/components/finsh/cmd.o
                0x00004c7c                list_thread
 .text.show_wait_queue
                0x00004e84       0x54 ./rt-thread/components/finsh/cmd.o
 .text.list_sem
                0x00004ed8      0x12c ./rt-thread/components/finsh/cmd.o
                0x00004ed8                list_sem
 .text.list_event
                0x00005004      0x118 ./rt-thread/components/finsh/cmd.o
                0x00005004                list_event
 .text.list_mutex
                0x0000511c       0xe8 ./rt-thread/components/finsh/cmd.o
                0x0000511c                list_mutex
 .text.list_mailbox
                0x00005204      0x13c ./rt-thread/components/finsh/cmd.o
                0x00005204                list_mailbox
 .text.list_msgqueue
                0x00005340      0x12c ./rt-thread/components/finsh/cmd.o
                0x00005340                list_msgqueue
 .text.list_timer
                0x0000546c      0x128 ./rt-thread/components/finsh/cmd.o
                0x0000546c                list_timer
 .text.list_device
                0x00005594       0xf0 ./rt-thread/components/finsh/cmd.o
                0x00005594                list_device
 .text.msh_help
                0x00005684       0x5c ./rt-thread/components/finsh/msh.o
                0x00005684                msh_help
 .text.cmd_ps   0x000056e0       0x18 ./rt-thread/components/finsh/msh.o
                0x000056e0                cmd_ps
 .text.cmd_free
                0x000056f8       0x5c ./rt-thread/components/finsh/msh.o
                0x000056f8                cmd_free
 .text.msh_split
                0x00005754      0x170 ./rt-thread/components/finsh/msh.o
 .text.msh_get_cmd
                0x000058c4       0x64 ./rt-thread/components/finsh/msh.o
 .text._msh_exec_cmd
                0x00005928       0xd4 ./rt-thread/components/finsh/msh.o
 .text.msh_exec
                0x000059fc       0x8c ./rt-thread/components/finsh/msh.o
                0x000059fc                msh_exec
 .text.str_common
                0x00005a88       0x4a ./rt-thread/components/finsh/msh.o
 *fill*         0x00005ad2        0x2 ff
 .text.msh_auto_complete
                0x00005ad4       0xb0 ./rt-thread/components/finsh/msh.o
                0x00005ad4                msh_auto_complete
 .text.finsh_get_prompt
                0x00005b84       0x7c ./rt-thread/components/finsh/shell.o
                0x00005b84                finsh_get_prompt
 .text.finsh_set_prompt_mode
                0x00005c00       0x48 ./rt-thread/components/finsh/shell.o
                0x00005c00                finsh_set_prompt_mode
 .text.finsh_getchar
                0x00005c48       0x90 ./rt-thread/components/finsh/shell.o
                0x00005c48                finsh_getchar
 .text.finsh_rx_ind
                0x00005cd8       0x3c ./rt-thread/components/finsh/shell.o
 .text.finsh_set_device
                0x00005d14       0xd8 ./rt-thread/components/finsh/shell.o
                0x00005d14                finsh_set_device
 .text.shell_auto_complete
                0x00005dec       0x34 ./rt-thread/components/finsh/shell.o
 .text.shell_handle_history
                0x00005e20       0x34 ./rt-thread/components/finsh/shell.o
 .text.shell_push_history
                0x00005e54      0x15e ./rt-thread/components/finsh/shell.o
 *fill*         0x00005fb2        0x2 ff
 .text.finsh_thread_entry
                0x00005fb4      0x5cc ./rt-thread/components/finsh/shell.o
                0x00005fb4                finsh_thread_entry
 .text.finsh_system_function_init
                0x00006580       0x2c ./rt-thread/components/finsh/shell.o
                0x00006580                finsh_system_function_init
 .text.finsh_system_init
                0x000065ac       0x9c ./rt-thread/components/finsh/shell.o
                0x000065ac                finsh_system_init
 .text.rt_serial_get_linear_buffer
                0x00006648       0x8c ./rt-thread/components/drivers/serial/serial_v2.o
 .text.rt_serial_update_read_index
                0x000066d4       0xcc ./rt-thread/components/drivers/serial/serial_v2.o
 .text.rt_serial_update_write_index
                0x000067a0       0xe8 ./rt-thread/components/drivers/serial/serial_v2.o
 .text._serial_poll_rx
                0x00006888       0xa4 ./rt-thread/components/drivers/serial/serial_v2.o
                0x00006888                _serial_poll_rx
 .text._serial_poll_tx
                0x0000692c       0x9c ./rt-thread/components/drivers/serial/serial_v2.o
                0x0000692c                _serial_poll_tx
 .text._serial_fifo_rx
                0x000069c8       0xf4 ./rt-thread/components/drivers/serial/serial_v2.o
 .text._serial_fifo_tx_blocking_nbuf
                0x00006abc       0xb0 ./rt-thread/components/drivers/serial/serial_v2.o
 .text._serial_fifo_tx_blocking_buf
                0x00006b6c      0x118 ./rt-thread/components/drivers/serial/serial_v2.o
 .text._serial_fifo_tx_nonblocking
                0x00006c84       0xd4 ./rt-thread/components/drivers/serial/serial_v2.o
 .text.rt_serial_tx_enable
                0x00006d58      0x1e8 ./rt-thread/components/drivers/serial/serial_v2.o
 .text.rt_serial_rx_enable
                0x00006f40      0x15c ./rt-thread/components/drivers/serial/serial_v2.o
 .text.rt_serial_rx_disable
                0x0000709c       0xb4 ./rt-thread/components/drivers/serial/serial_v2.o
 .text.rt_serial_tx_disable
                0x00007150       0xc0 ./rt-thread/components/drivers/serial/serial_v2.o
 .text.rt_serial_init
                0x00007210       0x5c ./rt-thread/components/drivers/serial/serial_v2.o
 .text.rt_serial_open
                0x0000726c       0xf4 ./rt-thread/components/drivers/serial/serial_v2.o
 .text.rt_serial_close
                0x00007360       0x90 ./rt-thread/components/drivers/serial/serial_v2.o
 .text.rt_serial_control
                0x000073f0       0xb8 ./rt-thread/components/drivers/serial/serial_v2.o
 .text.rt_hw_serial_register
                0x000074a8       0x94 ./rt-thread/components/drivers/serial/serial_v2.o
                0x000074a8                rt_hw_serial_register
 .text.rt_hw_serial_isr
                0x0000753c      0x210 ./rt-thread/components/drivers/serial/serial_v2.o
                0x0000753c                rt_hw_serial_isr
 .text.rt_sensor_cb
                0x0000774c       0x84 ./rt-thread/components/drivers/sensors/sensor.o
                0x0000774c                rt_sensor_cb
 .text.irq_callback
                0x000077d0       0x54 ./rt-thread/components/drivers/sensors/sensor.o
 .text.rt_sensor_irq_init
                0x00007824       0xc4 ./rt-thread/components/drivers/sensors/sensor.o
 .text.local_fetch_data
                0x000078e8       0x1a ./rt-thread/components/drivers/sensors/sensor.o
 .text.local_control
                0x00007902       0x1a ./rt-thread/components/drivers/sensors/sensor.o
 .text.rt_sensor_open
                0x0000791c      0x188 ./rt-thread/components/drivers/sensors/sensor.o
 .text.rt_sensor_close
                0x00007aa4      0x168 ./rt-thread/components/drivers/sensors/sensor.o
 .text.rt_sensor_read
                0x00007c0c       0xe8 ./rt-thread/components/drivers/sensors/sensor.o
 .text.rt_sensor_control
                0x00007cf4      0x16c ./rt-thread/components/drivers/sensors/sensor.o
 .text.rt_hw_sensor_register
                0x00007e60      0x1c0 ./rt-thread/components/drivers/sensors/sensor.o
                0x00007e60                rt_hw_sensor_register
 .text.sensor_show_data
                0x00008020      0x408 ./rt-thread/components/drivers/sensors/sensor_cmd.o
 .text.rx_callback
                0x00008428       0x24 ./rt-thread/components/drivers/sensors/sensor_cmd.o
 .text.sensor_fifo_rx_entry
                0x0000844c       0xb0 ./rt-thread/components/drivers/sensors/sensor_cmd.o
 .text.sensor_fifo
                0x000084fc      0x108 ./rt-thread/components/drivers/sensors/sensor_cmd.o
 .text.sensor_irq_rx_entry
                0x00008604       0x50 ./rt-thread/components/drivers/sensors/sensor_cmd.o
 .text.sensor_int
                0x00008654      0x108 ./rt-thread/components/drivers/sensors/sensor_cmd.o
 .text.sensor_polling
                0x0000875c      0x10c ./rt-thread/components/drivers/sensors/sensor_cmd.o
 .text.sensor   0x00008868      0x5f0 ./rt-thread/components/drivers/sensors/sensor_cmd.o
 .text._pin_read
                0x00008e58       0x60 ./rt-thread/components/drivers/misc/pin.o
 .text._pin_write
                0x00008eb8       0x5c ./rt-thread/components/drivers/misc/pin.o
 .text._pin_control
                0x00008f14       0x58 ./rt-thread/components/drivers/misc/pin.o
 .text.rt_device_pin_register
                0x00008f6c       0x74 ./rt-thread/components/drivers/misc/pin.o
                0x00008f6c                rt_device_pin_register
 .text.rt_pin_attach_irq
                0x00008fe0       0x5c ./rt-thread/components/drivers/misc/pin.o
                0x00008fe0                rt_pin_attach_irq
 .text.rt_pin_irq_enable
                0x0000903c       0x50 ./rt-thread/components/drivers/misc/pin.o
                0x0000903c                rt_pin_irq_enable
 .text.rt_pin_mode
                0x0000908c       0x40 ./rt-thread/components/drivers/misc/pin.o
                0x0000908c                rt_pin_mode
 .text.rt_pin_write
                0x000090cc       0x40 ./rt-thread/components/drivers/misc/pin.o
                0x000090cc                rt_pin_write
 .text.rt_pin_read
                0x0000910c       0x3c ./rt-thread/components/drivers/misc/pin.o
                0x0000910c                rt_pin_read
 .text.rt_pin_get
                0x00009148       0x60 ./rt-thread/components/drivers/misc/pin.o
                0x00009148                rt_pin_get
 .text.rt_list_init
                0x000091a8       0x22 ./rt-thread/components/drivers/ipc/completion.o
 .text.rt_list_insert_before
                0x000091ca       0x32 ./rt-thread/components/drivers/ipc/completion.o
 .text.rt_list_isempty
                0x000091fc       0x24 ./rt-thread/components/drivers/ipc/completion.o
 .text.rt_completion_init
                0x00009220       0x44 ./rt-thread/components/drivers/ipc/completion.o
                0x00009220                rt_completion_init
 .text.rt_completion_wait
                0x00009264      0x15c ./rt-thread/components/drivers/ipc/completion.o
                0x00009264                rt_completion_wait
 .text.rt_completion_done
                0x000093c0       0x70 ./rt-thread/components/drivers/ipc/completion.o
                0x000093c0                rt_completion_done
 .text.rt_ringbuffer_status
                0x00009430       0x4e ./rt-thread/components/drivers/ipc/ringbuffer.o
 *fill*         0x0000947e        0x2 ff
 .text.rt_ringbuffer_init
                0x00009480       0xa0 ./rt-thread/components/drivers/ipc/ringbuffer.o
                0x00009480                rt_ringbuffer_init
 .text.rt_ringbuffer_put
                0x00009520      0x16c ./rt-thread/components/drivers/ipc/ringbuffer.o
                0x00009520                rt_ringbuffer_put
 .text.rt_ringbuffer_get
                0x0000968c      0x15c ./rt-thread/components/drivers/ipc/ringbuffer.o
                0x0000968c                rt_ringbuffer_get
 .text.rt_ringbuffer_putchar
                0x000097e8       0xbc ./rt-thread/components/drivers/ipc/ringbuffer.o
                0x000097e8                rt_ringbuffer_putchar
 .text.rt_ringbuffer_data_len
                0x000098a4       0x66 ./rt-thread/components/drivers/ipc/ringbuffer.o
                0x000098a4                rt_ringbuffer_data_len
 .text.main     0x0000990a        0xe ./ra_gen/main.o
                0x0000990a                main
 .text.R_FSP_CurrentIrqGet
                0x00009918       0x2c ./ra/fsp/src/r_sci_uart/r_sci_uart.o
 .text.R_FSP_IsrContextSet
                0x00009944       0x28 ./ra/fsp/src/r_sci_uart/r_sci_uart.o
 .text.R_BSP_IrqStatusClear
                0x0000996c       0x30 ./ra/fsp/src/r_sci_uart/r_sci_uart.o
 .text.R_BSP_IrqClearPending
                0x0000999c       0x40 ./ra/fsp/src/r_sci_uart/r_sci_uart.o
 .text.R_BSP_IrqCfg
                0x000099dc       0x3c ./ra/fsp/src/r_sci_uart/r_sci_uart.o
 .text.R_BSP_IrqEnableNoClear
                0x00009a18       0x38 ./ra/fsp/src/r_sci_uart/r_sci_uart.o
 .text.R_BSP_IrqEnable
                0x00009a50       0x26 ./ra/fsp/src/r_sci_uart/r_sci_uart.o
 *fill*         0x00009a76        0x2 ff
 .text.R_BSP_IrqDisable
                0x00009a78       0x48 ./ra/fsp/src/r_sci_uart/r_sci_uart.o
 .text.R_FSP_IsrContextGet
                0x00009ac0       0x24 ./ra/fsp/src/r_sci_uart/r_sci_uart.o
 .text.R_SCI_UART_Open
                0x00009ae4      0x1ac ./ra/fsp/src/r_sci_uart/r_sci_uart.o
                0x00009ae4                R_SCI_UART_Open
 .text.r_sci_uart_config_set
                0x00009c90      0x120 ./ra/fsp/src/r_sci_uart/r_sci_uart.o
 .text.r_sci_irq_cfg
                0x00009db0       0x3a ./ra/fsp/src/r_sci_uart/r_sci_uart.o
 .text.r_sci_irqs_cfg
                0x00009dea       0x5a ./ra/fsp/src/r_sci_uart/r_sci_uart.o
 .text.r_sci_uart_baud_set
                0x00009e44       0x58 ./ra/fsp/src/r_sci_uart/r_sci_uart.o
 .text.r_sci_uart_call_callback
                0x00009e9c       0x76 ./ra/fsp/src/r_sci_uart/r_sci_uart.o
 .text.sci_uart_txi_isr
                0x00009f12       0xd0 ./ra/fsp/src/r_sci_uart/r_sci_uart.o
                0x00009f12                sci_uart_txi_isr
 .text.sci_uart_rxi_isr
                0x00009fe2       0xbc ./ra/fsp/src/r_sci_uart/r_sci_uart.o
                0x00009fe2                sci_uart_rxi_isr
 .text.sci_uart_tei_isr
                0x0000a09e       0x4a ./ra/fsp/src/r_sci_uart/r_sci_uart.o
                0x0000a09e                sci_uart_tei_isr
 .text.sci_uart_eri_isr
                0x0000a0e8       0xa8 ./ra/fsp/src/r_sci_uart/r_sci_uart.o
                0x0000a0e8                sci_uart_eri_isr
 .text.R_BSP_PinRead
                0x0000a190       0x38 ./ra/fsp/src/r_ioport/r_ioport.o
 .text.R_BSP_PinAccessEnable
                0x0000a1c8       0x60 ./ra/fsp/src/r_ioport/r_ioport.o
 .text.R_BSP_PinAccessDisable
                0x0000a228       0x68 ./ra/fsp/src/r_ioport/r_ioport.o
 .text.R_IOPORT_Open
                0x0000a290       0x28 ./ra/fsp/src/r_ioport/r_ioport.o
                0x0000a290                R_IOPORT_Open
 .text.R_IOPORT_Close
                0x0000a2b8       0x20 ./ra/fsp/src/r_ioport/r_ioport.o
                0x0000a2b8                R_IOPORT_Close
 .text.R_IOPORT_PinsCfg
                0x0000a2d8       0x1a ./ra/fsp/src/r_ioport/r_ioport.o
                0x0000a2d8                R_IOPORT_PinsCfg
 .text.R_IOPORT_PinCfg
                0x0000a2f2       0x46 ./ra/fsp/src/r_ioport/r_ioport.o
                0x0000a2f2                R_IOPORT_PinCfg
 .text.R_IOPORT_PinRead
                0x0000a338       0x28 ./ra/fsp/src/r_ioport/r_ioport.o
                0x0000a338                R_IOPORT_PinRead
 .text.R_IOPORT_PortRead
                0x0000a360       0x3a ./ra/fsp/src/r_ioport/r_ioport.o
                0x0000a360                R_IOPORT_PortRead
 .text.R_IOPORT_PortWrite
                0x0000a39a       0x62 ./ra/fsp/src/r_ioport/r_ioport.o
                0x0000a39a                R_IOPORT_PortWrite
 .text.R_IOPORT_PinWrite
                0x0000a3fc       0x6e ./ra/fsp/src/r_ioport/r_ioport.o
                0x0000a3fc                R_IOPORT_PinWrite
 .text.R_IOPORT_PortDirectionSet
                0x0000a46a       0x72 ./ra/fsp/src/r_ioport/r_ioport.o
                0x0000a46a                R_IOPORT_PortDirectionSet
 .text.R_IOPORT_PortEventInputRead
                0x0000a4dc       0x3e ./ra/fsp/src/r_ioport/r_ioport.o
                0x0000a4dc                R_IOPORT_PortEventInputRead
 .text.R_IOPORT_PinEventInputRead
                0x0000a51a       0x62 ./ra/fsp/src/r_ioport/r_ioport.o
                0x0000a51a                R_IOPORT_PinEventInputRead
 .text.R_IOPORT_PortEventOutputWrite
                0x0000a57c       0x62 ./ra/fsp/src/r_ioport/r_ioport.o
                0x0000a57c                R_IOPORT_PortEventOutputWrite
 .text.R_IOPORT_PinEventOutputWrite
                0x0000a5de       0x5e ./ra/fsp/src/r_ioport/r_ioport.o
                0x0000a5de                R_IOPORT_PinEventOutputWrite
 .text.R_IOPORT_EthernetModeCfg
                0x0000a63c       0x28 ./ra/fsp/src/r_ioport/r_ioport.o
                0x0000a63c                R_IOPORT_EthernetModeCfg
 .text.r_ioport_pins_config
                0x0000a664       0x56 ./ra/fsp/src/r_ioport/r_ioport.o
 .text.r_ioport_hw_pin_event_output_data_write
                0x0000a6ba       0x88 ./ra/fsp/src/r_ioport/r_ioport.o
 *fill*         0x0000a742        0x2 ff
 .text.r_ioport_pfs_write
                0x0000a744       0x78 ./ra/fsp/src/r_ioport/r_ioport.o
 .text.bsp_vbatt_init
                0x0000a7bc       0xd8 ./ra/fsp/src/r_ioport/r_ioport.o
 .text.R_FSP_CurrentIrqGet
                0x0000a894       0x2c ./ra/fsp/src/r_icu/r_icu.o
 .text.R_FSP_IsrContextSet
                0x0000a8c0       0x28 ./ra/fsp/src/r_icu/r_icu.o
 .text.R_BSP_IrqStatusClear
                0x0000a8e8       0x30 ./ra/fsp/src/r_icu/r_icu.o
 .text.R_BSP_IrqClearPending
                0x0000a918       0x40 ./ra/fsp/src/r_icu/r_icu.o
 .text.R_BSP_IrqCfg
                0x0000a958       0x3c ./ra/fsp/src/r_icu/r_icu.o
 .text.R_BSP_IrqEnableNoClear
                0x0000a994       0x38 ./ra/fsp/src/r_icu/r_icu.o
 .text.R_BSP_IrqEnable
                0x0000a9cc       0x26 ./ra/fsp/src/r_icu/r_icu.o
 *fill*         0x0000a9f2        0x2 ff
 .text.R_BSP_IrqDisable
                0x0000a9f4       0x48 ./ra/fsp/src/r_icu/r_icu.o
 .text.R_FSP_IsrContextGet
                0x0000aa3c       0x24 ./ra/fsp/src/r_icu/r_icu.o
 .text.R_ICU_ExternalIrqOpen
                0x0000aa60       0xcc ./ra/fsp/src/r_icu/r_icu.o
                0x0000aa60                R_ICU_ExternalIrqOpen
 .text.R_ICU_ExternalIrqEnable
                0x0000ab2c       0x22 ./ra/fsp/src/r_icu/r_icu.o
                0x0000ab2c                R_ICU_ExternalIrqEnable
 .text.R_ICU_ExternalIrqDisable
                0x0000ab4e       0x22 ./ra/fsp/src/r_icu/r_icu.o
                0x0000ab4e                R_ICU_ExternalIrqDisable
 .text.R_ICU_ExternalIrqClose
                0x0000ab70       0x40 ./ra/fsp/src/r_icu/r_icu.o
                0x0000ab70                R_ICU_ExternalIrqClose
 .text.r_icu_isr
                0x0000abb0       0x80 ./ra/fsp/src/r_icu/r_icu.o
                0x0000abb0                r_icu_isr
 .text.R_BSP_FlashCacheEnable
                0x0000ac30       0x40 ./ra/fsp/src/bsp/mcu/all/bsp_clocks.o
 .text.SystemCoreClockUpdate
                0x0000ac70       0x40 ./ra/fsp/src/bsp/mcu/all/bsp_clocks.o
                0x0000ac70                SystemCoreClockUpdate
 .text.bsp_prv_clock_set_hard_reset
                0x0000acb0       0x30 ./ra/fsp/src/bsp/mcu/all/bsp_clocks.o
 .text.bsp_clock_freq_var_init
                0x0000ace0       0x48 ./ra/fsp/src/bsp/mcu/all/bsp_clocks.o
 .text.bsp_clock_init
                0x0000ad28       0xe0 ./ra/fsp/src/bsp/mcu/all/bsp_clocks.o
                0x0000ad28                bsp_clock_init
 .text.bsp_init_internal
                0x0000ae08       0x14 ./ra/fsp/src/bsp/mcu/all/bsp_common.o
                0x0000ae08                bsp_init_internal
                0x0000ae08                bsp_init
 .text.bsp_group_irq_call
                0x0000ae1c       0x30 ./ra/fsp/src/bsp/mcu/all/bsp_group_irq.o
 .text.NMI_Handler
                0x0000ae4c       0x4c ./ra/fsp/src/bsp/mcu/all/bsp_group_irq.o
                0x0000ae4c                NMI_Handler
 .text.bsp_irq_cfg
                0x0000ae98      0x104 ./ra/fsp/src/bsp/mcu/all/bsp_irq.o
                0x0000ae98                bsp_irq_cfg
 .text.R_BSP_RegisterProtectEnable
                0x0000af9c       0xa0 ./ra/fsp/src/bsp/mcu/all/bsp_register_protection.o
                0x0000af9c                R_BSP_RegisterProtectEnable
 .text.R_BSP_RegisterProtectDisable
                0x0000b03c       0x90 ./ra/fsp/src/bsp/mcu/all/bsp_register_protection.o
                0x0000b03c                R_BSP_RegisterProtectDisable
 .text.Reset_Handler
                0x0000b0cc        0xe ./ra/fsp/src/bsp/cmsis/Device/RENESAS/Source/startup.o
                0x0000b0cc                Reset_Handler
 .text.Default_Handler
                0x0000b0da       0x10 ./ra/fsp/src/bsp/cmsis/Device/RENESAS/Source/startup.o
                0x0000b0da                UsageFault_Handler
                0x0000b0da                SecureFault_Handler
                0x0000b0da                Default_Handler
                0x0000b0da                MemManage_Handler
                0x0000b0da                SVC_Handler
                0x0000b0da                BusFault_Handler
                0x0000b0da                DebugMon_Handler
 *fill*         0x0000b0ea        0x2 ff
 .text.SystemInit
                0x0000b0ec       0xf0 ./ra/fsp/src/bsp/cmsis/Device/RENESAS/Source/system.o
                0x0000b0ec                SystemInit
 .text.dht_read_bit
                0x0000b1dc       0x68 ./packages/dhtxx-latest/src/dhtxx.o
 .text.dht_read_byte
                0x0000b244       0x3e ./packages/dhtxx-latest/src/dhtxx.o
 *fill*         0x0000b282        0x2 ff
 .text.dht_read
                0x0000b284      0x140 ./packages/dhtxx-latest/src/dhtxx.o
                0x0000b284                dht_read
 .text.dht_get_humidity
                0x0000b3c4       0x70 ./packages/dhtxx-latest/src/dhtxx.o
                0x0000b3c4                dht_get_humidity
 .text.dht_get_temperature
                0x0000b434       0xa0 ./packages/dhtxx-latest/src/dhtxx.o
                0x0000b434                dht_get_temperature
 .text.dht_create
                0x0000b4d4       0x6c ./packages/dhtxx-latest/src/dhtxx.o
                0x0000b4d4                dht_create
 .text.dht_delete
                0x0000b540       0x1c ./packages/dhtxx-latest/src/dhtxx.o
                0x0000b540                dht_delete
 .text._dht_read_bit
                0x0000b55c       0x68 ./packages/dhtxx-latest/src/sensor_asair_dhtxx.o
 .text._dht_read_byte
                0x0000b5c4       0x3e ./packages/dhtxx-latest/src/sensor_asair_dhtxx.o
 *fill*         0x0000b602        0x2 ff
 .text._dht_read
                0x0000b604      0x174 ./packages/dhtxx-latest/src/sensor_asair_dhtxx.o
 .text._dht_get_humidity
                0x0000b778       0x4c ./packages/dhtxx-latest/src/sensor_asair_dhtxx.o
 .text._dht_get_temperature
                0x0000b7c4       0x64 ./packages/dhtxx-latest/src/sensor_asair_dhtxx.o
 .text._dht_polling_get_data
                0x0000b828      0x150 ./packages/dhtxx-latest/src/sensor_asair_dhtxx.o
 .text.dht_fetch_data
                0x0000b978       0x2c ./packages/dhtxx-latest/src/sensor_asair_dhtxx.o
 .text.dht_control
                0x0000b9a4       0x54 ./packages/dhtxx-latest/src/sensor_asair_dhtxx.o
 .text.sensor_init
                0x0000b9f8       0x1a ./packages/dhtxx-latest/src/sensor_asair_dhtxx.o
 *fill*         0x0000ba12        0x2 ff
 .text.rt_hw_dht_init
                0x0000ba14      0x254 ./packages/dhtxx-latest/src/sensor_asair_dhtxx.o
                0x0000ba14                rt_hw_dht_init
 .text.cat_dhtxx
                0x0000bc68       0x8c ./packages/dhtxx-latest/examples/dhtxx_sample.o
 .text.read_humi_entry
                0x0000bcf4       0x98 ./packages/dhtxx-latest/examples/sensor_dhtxx_sample.o
 .text.read_temp_entry
                0x0000bd8c       0x98 ./packages/dhtxx-latest/examples/sensor_dhtxx_sample.o
 .text.dhtxx_read_sample
                0x0000be24       0x70 ./packages/dhtxx-latest/examples/sensor_dhtxx_sample.o
 .text.rt_hw_dht_port
                0x0000be94       0x28 ./packages/dhtxx-latest/examples/sensor_dhtxx_sample.o
 .text.__NVIC_SetPriority
                0x0000bebc       0x54 ./libraries/HAL_Drivers/drv_common.o
 .text.__NVIC_SystemReset
                0x0000bf10       0x2c ./libraries/HAL_Drivers/drv_common.o
 .text.SysTick_Config
                0x0000bf3c       0x44 ./libraries/HAL_Drivers/drv_common.o
 .text.reboot   0x0000bf80       0x10 ./libraries/HAL_Drivers/drv_common.o
 .text.rt_hw_systick_init
                0x0000bf90       0x2c ./libraries/HAL_Drivers/drv_common.o
                0x0000bf90                rt_hw_systick_init
 .text.SysTick_Handler
                0x0000bfbc       0x14 ./libraries/HAL_Drivers/drv_common.o
                0x0000bfbc                SysTick_Handler
 .text.rt_hw_us_delay
                0x0000bfd0       0x84 ./libraries/HAL_Drivers/drv_common.o
                0x0000bfd0                rt_hw_us_delay
 .text.rt_hw_board_init
                0x0000c054       0x34 ./libraries/HAL_Drivers/drv_common.o
                0x0000c054                rt_hw_board_init
 .text.R_BSP_WarmStart
                0x0000c088       0x2c ./libraries/HAL_Drivers/drv_common.o
                0x0000c088                R_BSP_WarmStart
 .text.R_BSP_PinRead
                0x0000c0b4       0x38 ./libraries/HAL_Drivers/drv_gpio.o
 .text.R_BSP_PinWrite
                0x0000c0ec       0x68 ./libraries/HAL_Drivers/drv_gpio.o
 .text.R_BSP_PinAccessEnable
                0x0000c154       0x60 ./libraries/HAL_Drivers/drv_gpio.o
 .text.R_BSP_PinAccessDisable
                0x0000c1b4       0x68 ./libraries/HAL_Drivers/drv_gpio.o
 .text.ra_pin_get_irqx
                0x0000c21c      0x280 ./libraries/HAL_Drivers/drv_gpio.o
 .text.ra_irq_tab_init
                0x0000c49c       0x7c ./libraries/HAL_Drivers/drv_gpio.o
 .text.ra_pin_map_init
                0x0000c518       0x28 ./libraries/HAL_Drivers/drv_gpio.o
 .text.ra_pin_mode
                0x0000c540       0xf8 ./libraries/HAL_Drivers/drv_gpio.o
 .text.ra_pin_write
                0x0000c638       0x3a ./libraries/HAL_Drivers/drv_gpio.o
 *fill*         0x0000c672        0x2 ff
 .text.ra_pin_read
                0x0000c674       0x50 ./libraries/HAL_Drivers/drv_gpio.o
 .text.ra_pin_irq_enable
                0x0000c6c4      0x120 ./libraries/HAL_Drivers/drv_gpio.o
 .text.ra_pin_attach_irq
                0x0000c7e4      0x12c ./libraries/HAL_Drivers/drv_gpio.o
 .text.ra_pin_dettach_irq
                0x0000c910       0xb4 ./libraries/HAL_Drivers/drv_gpio.o
 .text.ra_pin_get
                0x0000c9c4       0xce ./libraries/HAL_Drivers/drv_gpio.o
 *fill*         0x0000ca92        0x2 ff
 .text.rt_hw_pin_init
                0x0000ca94       0x24 ./libraries/HAL_Drivers/drv_gpio.o
                0x0000ca94                rt_hw_pin_init
 .text.irq0_callback
                0x0000cab8       0x34 ./libraries/HAL_Drivers/drv_gpio.o
                0x0000cab8                irq0_callback
 .text.ra_uart_get_config
                0x0000caec       0x50 ./libraries/HAL_Drivers/drv_usart_v2.o
 .text.ra_uart_configure
                0x0000cb3c       0x7c ./libraries/HAL_Drivers/drv_usart_v2.o
 .text.ra_uart_control
                0x0000cbb8       0x1a ./libraries/HAL_Drivers/drv_usart_v2.o
 *fill*         0x0000cbd2        0x2 ff
 .text.ra_uart_putc
                0x0000cbd4       0x68 ./libraries/HAL_Drivers/drv_usart_v2.o
 .text.ra_uart_getc
                0x0000cc3c       0x16 ./libraries/HAL_Drivers/drv_usart_v2.o
 *fill*         0x0000cc52        0x2 ff
 .text.user_uart7_callback
                0x0000cc54       0x78 ./libraries/HAL_Drivers/drv_usart_v2.o
                0x0000cc54                user_uart7_callback
 .text.rt_hw_usart_init
                0x0000cccc       0xb8 ./libraries/HAL_Drivers/drv_usart_v2.o
                0x0000cccc                rt_hw_usart_init
 .text.atoi     0x0000cd84        0x8 d:/rt-threadstudio/repo/extract/toolchain_support_packages/arm/gnu_tools_for_arm_embedded_processors/10.2.1/bin/../lib/gcc/arm-none-eabi/10.2.1/../../../../arm-none-eabi/lib/thumb/v8-m.main+fp/hard\libc.a(lib_a-atoi.o)
                0x0000cd84                atoi
 .text.memcmp   0x0000cd8c       0x60 d:/rt-threadstudio/repo/extract/toolchain_support_packages/arm/gnu_tools_for_arm_embedded_processors/10.2.1/bin/../lib/gcc/arm-none-eabi/10.2.1/../../../../arm-none-eabi/lib/thumb/v8-m.main+fp/hard\libc.a(lib_a-memcmp.o)
                0x0000cd8c                memcmp
 .text          0x0000cdec       0xec d:/rt-threadstudio/repo/extract/toolchain_support_packages/arm/gnu_tools_for_arm_embedded_processors/10.2.1/bin/../lib/gcc/arm-none-eabi/10.2.1/../../../../arm-none-eabi/lib/thumb/v8-m.main+fp/hard\libc.a(lib_a-memcpy.o)
                0x0000cdec                memcpy
 .text.memset   0x0000ced8       0xa4 d:/rt-threadstudio/repo/extract/toolchain_support_packages/arm/gnu_tools_for_arm_embedded_processors/10.2.1/bin/../lib/gcc/arm-none-eabi/10.2.1/../../../../arm-none-eabi/lib/thumb/v8-m.main+fp/hard\libc.a(lib_a-memset.o)
                0x0000ced8                memset
 .text.strcat   0x0000cf7c       0x40 d:/rt-threadstudio/repo/extract/toolchain_support_packages/arm/gnu_tools_for_arm_embedded_processors/10.2.1/bin/../lib/gcc/arm-none-eabi/10.2.1/../../../../arm-none-eabi/lib/thumb/v8-m.main+fp/hard\libc.a(lib_a-strcat.o)
                0x0000cf7c                strcat
 .text          0x0000cfbc      0x1bc d:/rt-threadstudio/repo/extract/toolchain_support_packages/arm/gnu_tools_for_arm_embedded_processors/10.2.1/bin/../lib/gcc/arm-none-eabi/10.2.1/../../../../arm-none-eabi/lib/thumb/v8-m.main+fp/hard\libc.a(lib_a-strcmp.o)
                0x0000cfbc                strcmp
 .text.strcpy   0x0000d178       0xbc d:/rt-threadstudio/repo/extract/toolchain_support_packages/arm/gnu_tools_for_arm_embedded_processors/10.2.1/bin/../lib/gcc/arm-none-eabi/10.2.1/../../../../arm-none-eabi/lib/thumb/v8-m.main+fp/hard\libc.a(lib_a-strcpy.o)
                0x0000d178                strcpy
 .text.strlen   0x0000d234       0x5c d:/rt-threadstudio/repo/extract/toolchain_support_packages/arm/gnu_tools_for_arm_embedded_processors/10.2.1/bin/../lib/gcc/arm-none-eabi/10.2.1/../../../../arm-none-eabi/lib/thumb/v8-m.main+fp/hard\libc.a(lib_a-strlen-stub.o)
                0x0000d234                strlen
 .text.strncmp  0x0000d290       0x78 d:/rt-threadstudio/repo/extract/toolchain_support_packages/arm/gnu_tools_for_arm_embedded_processors/10.2.1/bin/../lib/gcc/arm-none-eabi/10.2.1/../../../../arm-none-eabi/lib/thumb/v8-m.main+fp/hard\libc.a(lib_a-strncmp.o)
                0x0000d290                strncmp
 .text.strncpy  0x0000d308       0x64 d:/rt-threadstudio/repo/extract/toolchain_support_packages/arm/gnu_tools_for_arm_embedded_processors/10.2.1/bin/../lib/gcc/arm-none-eabi/10.2.1/../../../../arm-none-eabi/lib/thumb/v8-m.main+fp/hard\libc.a(lib_a-strncpy.o)
                0x0000d308                strncpy
 .text._strtol_l.part.0
                0x0000d36c      0x104 d:/rt-threadstudio/repo/extract/toolchain_support_packages/arm/gnu_tools_for_arm_embedded_processors/10.2.1/bin/../lib/gcc/arm-none-eabi/10.2.1/../../../../arm-none-eabi/lib/thumb/v8-m.main+fp/hard\libc.a(lib_a-strtol.o)
 .text.strtol   0x0000d470       0x2c d:/rt-threadstudio/repo/extract/toolchain_support_packages/arm/gnu_tools_for_arm_embedded_processors/10.2.1/bin/../lib/gcc/arm-none-eabi/10.2.1/../../../../arm-none-eabi/lib/thumb/v8-m.main+fp/hard\libc.a(lib_a-strtol.o)
                0x0000d470                strtol
 .text.startup.register_fini
                0x0000d49c       0x14 d:/rt-threadstudio/repo/extract/toolchain_support_packages/arm/gnu_tools_for_arm_embedded_processors/10.2.1/bin/../lib/gcc/arm-none-eabi/10.2.1/../../../../arm-none-eabi/lib/thumb/v8-m.main+fp/hard\libc.a(lib_a-__call_atexit.o)
 .text.atexit   0x0000d4b0        0xc d:/rt-threadstudio/repo/extract/toolchain_support_packages/arm/gnu_tools_for_arm_embedded_processors/10.2.1/bin/../lib/gcc/arm-none-eabi/10.2.1/../../../../arm-none-eabi/lib/thumb/v8-m.main+fp/hard\libc.a(lib_a-atexit.o)
                0x0000d4b0                atexit
 .text.__libc_fini_array
                0x0000d4bc       0x2c d:/rt-threadstudio/repo/extract/toolchain_support_packages/arm/gnu_tools_for_arm_embedded_processors/10.2.1/bin/../lib/gcc/arm-none-eabi/10.2.1/../../../../arm-none-eabi/lib/thumb/v8-m.main+fp/hard\libc.a(lib_a-fini.o)
                0x0000d4bc                __libc_fini_array
 .text.__retarget_lock_acquire_recursive
                0x0000d4e8        0x4 d:/rt-threadstudio/repo/extract/toolchain_support_packages/arm/gnu_tools_for_arm_embedded_processors/10.2.1/bin/../lib/gcc/arm-none-eabi/10.2.1/../../../../arm-none-eabi/lib/thumb/v8-m.main+fp/hard\libc.a(lib_a-lock.o)
                0x0000d4e8                __retarget_lock_acquire_recursive
 .text.__retarget_lock_release_recursive
                0x0000d4ec        0x4 d:/rt-threadstudio/repo/extract/toolchain_support_packages/arm/gnu_tools_for_arm_embedded_processors/10.2.1/bin/../lib/gcc/arm-none-eabi/10.2.1/../../../../arm-none-eabi/lib/thumb/v8-m.main+fp/hard\libc.a(lib_a-lock.o)
                0x0000d4ec                __retarget_lock_release_recursive
 .text.__register_exitproc
                0x0000d4f0       0x90 d:/rt-threadstudio/repo/extract/toolchain_support_packages/arm/gnu_tools_for_arm_embedded_processors/10.2.1/bin/../lib/gcc/arm-none-eabi/10.2.1/../../../../arm-none-eabi/lib/thumb/v8-m.main+fp/hard\libc.a(lib_a-__atexit.o)
                0x0000d4f0                __register_exitproc
 *(.version)
 .version       0x0000d580       0x50 ./ra/fsp/src/bsp/mcu/all/bsp_common.o
 *(.init)
 .init          0x0000d5d0        0x4 d:/rt-threadstudio/repo/extract/toolchain_support_packages/arm/gnu_tools_for_arm_embedded_processors/10.2.1/bin/../lib/gcc/arm-none-eabi/10.2.1/thumb/v8-m.main+fp/hard/crti.o
                0x0000d5d0                _init
 .init          0x0000d5d4        0x8 d:/rt-threadstudio/repo/extract/toolchain_support_packages/arm/gnu_tools_for_arm_embedded_processors/10.2.1/bin/../lib/gcc/arm-none-eabi/10.2.1/thumb/v8-m.main+fp/hard/crtn.o
 *(.fini)
 .fini          0x0000d5dc        0x4 d:/rt-threadstudio/repo/extract/toolchain_support_packages/arm/gnu_tools_for_arm_embedded_processors/10.2.1/bin/../lib/gcc/arm-none-eabi/10.2.1/thumb/v8-m.main+fp/hard/crti.o
                0x0000d5dc                _fini
 .fini          0x0000d5e0        0x8 d:/rt-threadstudio/repo/extract/toolchain_support_packages/arm/gnu_tools_for_arm_embedded_processors/10.2.1/bin/../lib/gcc/arm-none-eabi/10.2.1/thumb/v8-m.main+fp/hard/crtn.o
                0x0000d5e8                . = ALIGN (0x4)
                0x0000d5e8                __fsymtab_start = .
 *(FSymTab)
 FSymTab        0x0000d5e8        0xc ./src/hal_entry.o
                0x0000d5e8                __fsym_icu_sample
 FSymTab        0x0000d5f4       0x78 ./rt-thread/components/finsh/cmd.o
                0x0000d5f4                __fsym_clear
                0x0000d600                __fsym_version
                0x0000d60c                __fsym_list_thread
                0x0000d618                __fsym_list_sem
                0x0000d624                __fsym_list_event
                0x0000d630                __fsym_list_mutex
                0x0000d63c                __fsym_list_mailbox
                0x0000d648                __fsym_list_msgqueue
                0x0000d654                __fsym_list_timer
                0x0000d660                __fsym_list_device
 FSymTab        0x0000d66c       0x24 ./rt-thread/components/finsh/msh.o
                0x0000d66c                __fsym_help
                0x0000d678                __fsym_ps
                0x0000d684                __fsym_free
 FSymTab        0x0000d690       0x30 ./rt-thread/components/drivers/sensors/sensor_cmd.o
                0x0000d690                __fsym_sensor_fifo
                0x0000d69c                __fsym_sensor_int
                0x0000d6a8                __fsym_sensor_polling
                0x0000d6b4                __fsym_sensor
 FSymTab        0x0000d6c0        0xc ./packages/dhtxx-latest/examples/dhtxx_sample.o
                0x0000d6c0                __fsym_cat_dhtxx
 FSymTab        0x0000d6cc        0xc ./packages/dhtxx-latest/examples/sensor_dhtxx_sample.o
                0x0000d6cc                __fsym_dhtxx_read_sample
 FSymTab        0x0000d6d8        0xc ./libraries/HAL_Drivers/drv_common.o
                0x0000d6d8                __fsym_reboot
                0x0000d6e4                __fsymtab_end = .
                0x0000d6e4                . = ALIGN (0x4)
                0x0000d6e4                __vsymtab_start = .
 *(VSymTab)
                0x0000d6e4                __vsymtab_end = .
                0x0000d6e4                . = ALIGN (0x4)
                0x0000d6e4                __rt_init_start = .
 *(SORT_BY_NAME(.rti_fn*))
 .rti_fn.0      0x0000d6e4        0x4 ./rt-thread/src/components.o
                0x0000d6e4                __rt_init_rti_start
 .rti_fn.0.end  0x0000d6e8        0x4 ./rt-thread/src/components.o
                0x0000d6e8                __rt_init_rti_board_start
 .rti_fn.1.end  0x0000d6ec        0x4 ./rt-thread/src/components.o
                0x0000d6ec                __rt_init_rti_board_end
 .rti_fn.4      0x0000d6f0        0x4 ./packages/dhtxx-latest/examples/sensor_dhtxx_sample.o
                0x0000d6f0                __rt_init_rt_hw_dht_port
 .rti_fn.6      0x0000d6f4        0x4 ./rt-thread/components/finsh/shell.o
                0x0000d6f4                __rt_init_finsh_system_init
 .rti_fn.6.end  0x0000d6f8        0x4 ./rt-thread/src/components.o
                0x0000d6f8                __rt_init_rti_end
                0x0000d6fc                __rt_init_end = .
                0x0000d6fc                . = ALIGN (0x4)
 *(FalPartTable)
 *crtbegin.o(.ctors)
 *crtbegin?.o(.ctors)
 *(EXCLUDE_FILE(*crtend.o *crtend?.o) .ctors)
 *(SORT_BY_NAME(.ctors.*))
 *(.ctors)
 *crtbegin.o(.dtors)
 *crtbegin?.o(.dtors)
 *(EXCLUDE_FILE(*crtend.o *crtend?.o) .dtors)
 *(SORT_BY_NAME(.dtors.*))
 *(.dtors)
 *(.rodata*)
 .rodata        0x0000d6fc       0x77 ./src/hal_entry.o
 *fill*         0x0000d773        0x1 ff
 .rodata.name   0x0000d774       0x17 ./src/hal_entry.o
                0x0000d774                __fsym_icu_sample_name
                0x0000d780                __fsym_icu_sample_desc
 *fill*         0x0000d78b        0x1 ff
 .rodata        0x0000d78c       0x17 ./rt-thread/src/components.o
 *fill*         0x0000d7a3        0x1 ff
 .rodata.__FUNCTION__.0
                0x0000d7a4       0x14 ./rt-thread/src/components.o
 .rodata        0x0000d7b8       0xbc ./rt-thread/src/device.o
 .rodata.__FUNCTION__.6
                0x0000d874        0xf ./rt-thread/src/device.o
 *fill*         0x0000d883        0x1 ff
 .rodata.__FUNCTION__.5
                0x0000d884       0x10 ./rt-thread/src/device.o
 .rodata.__FUNCTION__.4
                0x0000d894        0xf ./rt-thread/src/device.o
 *fill*         0x0000d8a3        0x1 ff
 .rodata.__FUNCTION__.3
                0x0000d8a4       0x10 ./rt-thread/src/device.o
 .rodata.__FUNCTION__.2
                0x0000d8b4       0x12 ./rt-thread/src/device.o
 *fill*         0x0000d8c6        0x2 ff
 .rodata.__FUNCTION__.1
                0x0000d8c8       0x1a ./rt-thread/src/device.o
 *fill*         0x0000d8e2        0x2 ff
 .rodata        0x0000d8e4        0x8 ./rt-thread/src/idle.o
 .rodata        0x0000d8ec      0x4de ./rt-thread/src/ipc.o
 *fill*         0x0000ddca        0x2 ff
 .rodata.__FUNCTION__.37
                0x0000ddcc        0xc ./rt-thread/src/ipc.o
 .rodata.__FUNCTION__.35
                0x0000ddd8        0xe ./rt-thread/src/ipc.o
 *fill*         0x0000dde6        0x2 ff
 .rodata.__FUNCTION__.33
                0x0000dde8        0xc ./rt-thread/src/ipc.o
 .rodata.__FUNCTION__.32
                0x0000ddf4       0x12 ./rt-thread/src/ipc.o
 *fill*         0x0000de06        0x2 ff
 .rodata.__FUNCTION__.31
                0x0000de08        0xf ./rt-thread/src/ipc.o
 *fill*         0x0000de17        0x1 ff
 .rodata.__FUNCTION__.29
                0x0000de18        0xe ./rt-thread/src/ipc.o
 *fill*         0x0000de26        0x2 ff
 .rodata.__FUNCTION__.27
                0x0000de28       0x10 ./rt-thread/src/ipc.o
 .rodata.__FUNCTION__.25
                0x0000de38        0xe ./rt-thread/src/ipc.o
 *fill*         0x0000de46        0x2 ff
 .rodata.__FUNCTION__.24
                0x0000de48       0x11 ./rt-thread/src/ipc.o
 *fill*         0x0000de59        0x3 ff
 .rodata        0x0000de5c      0x107 ./rt-thread/src/kservice.o
 *fill*         0x0000df63        0x1 ff
 .rodata.large_digits.4
                0x0000df64       0x11 ./rt-thread/src/kservice.o
 *fill*         0x0000df75        0x3 ff
 .rodata.small_digits.3
                0x0000df78       0x11 ./rt-thread/src/kservice.o
 *fill*         0x0000df89        0x3 ff
 .rodata.__FUNCTION__.1
                0x0000df8c       0x14 ./rt-thread/src/kservice.o
 .rodata.__FUNCTION__.0
                0x0000dfa0        0xd ./rt-thread/src/kservice.o
 *fill*         0x0000dfad        0x3 ff
 .rodata        0x0000dfb0      0x41b ./rt-thread/src/mem.o
 *fill*         0x0000e3cb        0x1 ff
 .rodata.__FUNCTION__.4
                0x0000e3cc        0xb ./rt-thread/src/mem.o
 *fill*         0x0000e3d7        0x1 ff
 .rodata.__FUNCTION__.2
                0x0000e3d8        0xe ./rt-thread/src/mem.o
 *fill*         0x0000e3e6        0x2 ff
 .rodata.__FUNCTION__.0
                0x0000e3e8        0xd ./rt-thread/src/mem.o
 *fill*         0x0000e3f5        0x3 ff
 .rodata        0x0000e3f8       0x91 ./rt-thread/src/object.o
 *fill*         0x0000e489        0x3 ff
 .rodata.__FUNCTION__.6
                0x0000e48c        0xf ./rt-thread/src/object.o
 *fill*         0x0000e49b        0x1 ff
 .rodata.__FUNCTION__.5
                0x0000e49c       0x11 ./rt-thread/src/object.o
 *fill*         0x0000e4ad        0x3 ff
 .rodata.__FUNCTION__.4
                0x0000e4b0       0x13 ./rt-thread/src/object.o
 *fill*         0x0000e4c3        0x1 ff
 .rodata.__FUNCTION__.3
                0x0000e4c4       0x11 ./rt-thread/src/object.o
 *fill*         0x0000e4d5        0x3 ff
 .rodata.__FUNCTION__.2
                0x0000e4d8       0x1a ./rt-thread/src/object.o
 *fill*         0x0000e4f2        0x2 ff
 .rodata.__FUNCTION__.1
                0x0000e4f4       0x13 ./rt-thread/src/object.o
 *fill*         0x0000e507        0x1 ff
 .rodata.__FUNCTION__.0
                0x0000e508        0xf ./rt-thread/src/object.o
 *fill*         0x0000e517        0x1 ff
 .rodata        0x0000e518       0x65 ./rt-thread/src/scheduler.o
 *fill*         0x0000e57d        0x3 ff
 .rodata.__FUNCTION__.2
                0x0000e580       0x1a ./rt-thread/src/scheduler.o
 *fill*         0x0000e59a        0x2 ff
 .rodata.__FUNCTION__.1
                0x0000e59c       0x1a ./rt-thread/src/scheduler.o
 *fill*         0x0000e5b6        0x2 ff
 .rodata.__FUNCTION__.0
                0x0000e5b8       0x1a ./rt-thread/src/scheduler.o
 *fill*         0x0000e5d2        0x2 ff
 .rodata        0x0000e5d4      0x19f ./rt-thread/src/thread.o
 *fill*         0x0000e773        0x1 ff
 .rodata.__FUNCTION__.10
                0x0000e774       0x10 ./rt-thread/src/thread.o
 .rodata.__FUNCTION__.9
                0x0000e784        0xd ./rt-thread/src/thread.o
 *fill*         0x0000e791        0x3 ff
 .rodata.__FUNCTION__.8
                0x0000e794        0xf ./rt-thread/src/thread.o
 *fill*         0x0000e7a3        0x1 ff
 .rodata.__FUNCTION__.7
                0x0000e7a4       0x12 ./rt-thread/src/thread.o
 *fill*         0x0000e7b6        0x2 ff
 .rodata.__FUNCTION__.6
                0x0000e7b8       0x11 ./rt-thread/src/thread.o
 *fill*         0x0000e7c9        0x3 ff
 .rodata.__FUNCTION__.5
                0x0000e7cc       0x11 ./rt-thread/src/thread.o
 *fill*         0x0000e7dd        0x3 ff
 .rodata.__FUNCTION__.4
                0x0000e7e0       0x10 ./rt-thread/src/thread.o
 .rodata.__FUNCTION__.2
                0x0000e7f0       0x12 ./rt-thread/src/thread.o
 *fill*         0x0000e802        0x2 ff
 .rodata.__FUNCTION__.1
                0x0000e804       0x12 ./rt-thread/src/thread.o
 *fill*         0x0000e816        0x2 ff
 .rodata.__FUNCTION__.0
                0x0000e818       0x11 ./rt-thread/src/thread.o
 *fill*         0x0000e829        0x3 ff
 .rodata        0x0000e82c      0x10e ./rt-thread/src/timer.o
 *fill*         0x0000e93a        0x2 ff
 .rodata.__FUNCTION__.7
                0x0000e93c        0xe ./rt-thread/src/timer.o
 *fill*         0x0000e94a        0x2 ff
 .rodata.__FUNCTION__.6
                0x0000e94c       0x10 ./rt-thread/src/timer.o
 .rodata.__FUNCTION__.3
                0x0000e95c        0xf ./rt-thread/src/timer.o
 *fill*         0x0000e96b        0x1 ff
 .rodata.__FUNCTION__.1
                0x0000e96c        0xe ./rt-thread/src/timer.o
 *fill*         0x0000e97a        0x2 ff
 .rodata.__FUNCTION__.0
                0x0000e97c       0x11 ./rt-thread/src/timer.o
 *fill*         0x0000e98d        0x3 ff
 .rodata        0x0000e990      0x2ce ./rt-thread/libcpu/arm/cortex-m4/cpuport.o
 *fill*         0x0000ec5e        0x2 ff
 .rodata        0x0000ec60      0x5d3 ./rt-thread/components/finsh/cmd.o
 *fill*         0x0000f233        0x1 ff
 .rodata.name   0x0000f234      0x176 ./rt-thread/components/finsh/cmd.o
                0x0000f234                __fsym_clear_name
                0x0000f23c                __fsym_clear_desc
                0x0000f258                __fsym_version_name
                0x0000f260                __fsym_version_desc
                0x0000f284                __fsym_list_thread_name
                0x0000f290                __fsym_list_thread_desc
                0x0000f29c                __fsym_list_sem_name
                0x0000f2a8                __fsym_list_sem_desc
                0x0000f2c4                __fsym_list_event_name
                0x0000f2d0                __fsym_list_event_desc
                0x0000f2e8                __fsym_list_mutex_name
                0x0000f2f4                __fsym_list_mutex_desc
                0x0000f30c                __fsym_list_mailbox_name
                0x0000f31c                __fsym_list_mailbox_desc
                0x0000f334                __fsym_list_msgqueue_name
                0x0000f344                __fsym_list_msgqueue_desc
                0x0000f364                __fsym_list_timer_name
                0x0000f370                __fsym_list_timer_desc
                0x0000f388                __fsym_list_device_name
                0x0000f394                __fsym_list_device_desc
 *fill*         0x0000f3aa        0x2 ff
 .rodata.device_type_str
                0x0000f3ac       0x64 ./rt-thread/components/finsh/cmd.o
 .rodata        0x0000f410       0xa8 ./rt-thread/components/finsh/msh.o
 .rodata.name   0x0000f4b8       0x6d ./rt-thread/components/finsh/msh.o
                0x0000f4b8                __fsym_help_name
                0x0000f4c0                __fsym_help_desc
                0x0000f4d8                __fsym_ps_name
                0x0000f4dc                __fsym_ps_desc
                0x0000f4f8                __fsym_free_name
                0x0000f500                __fsym_free_desc
 *fill*         0x0000f525        0x3 ff
 .rodata.__FUNCTION__.0
                0x0000f528        0xe ./rt-thread/components/finsh/msh.o
 *fill*         0x0000f536        0x2 ff
 .rodata        0x0000f538       0x91 ./rt-thread/components/finsh/shell.o
 *fill*         0x0000f5c9        0x3 ff
 .rodata.__FUNCTION__.6
                0x0000f5cc       0x16 ./rt-thread/components/finsh/shell.o
 *fill*         0x0000f5e2        0x2 ff
 .rodata.__FUNCTION__.5
                0x0000f5e4        0xe ./rt-thread/components/finsh/shell.o
 *fill*         0x0000f5f2        0x2 ff
 .rodata.__FUNCTION__.4
                0x0000f5f4        0xd ./rt-thread/components/finsh/shell.o
 *fill*         0x0000f601        0x3 ff
 .rodata.__FUNCTION__.3
                0x0000f604       0x11 ./rt-thread/components/finsh/shell.o
 *fill*         0x0000f615        0x3 ff
 .rodata        0x0000f618      0x18b ./rt-thread/components/drivers/serial/serial_v2.o
 *fill*         0x0000f7a3        0x1 ff
 .rodata.__FUNCTION__.18
                0x0000f7a4       0x1c ./rt-thread/components/drivers/serial/serial_v2.o
 .rodata.__FUNCTION__.17
                0x0000f7c0       0x1c ./rt-thread/components/drivers/serial/serial_v2.o
 .rodata.__FUNCTION__.16
                0x0000f7dc       0x1d ./rt-thread/components/drivers/serial/serial_v2.o
 *fill*         0x0000f7f9        0x3 ff
 .rodata.__FUNCTION__.15
                0x0000f7fc       0x10 ./rt-thread/components/drivers/serial/serial_v2.o
 .rodata.__FUNCTION__.14
                0x0000f80c       0x10 ./rt-thread/components/drivers/serial/serial_v2.o
 .rodata.__FUNCTION__.13
                0x0000f81c       0x10 ./rt-thread/components/drivers/serial/serial_v2.o
 .rodata.__FUNCTION__.12
                0x0000f82c       0x1e ./rt-thread/components/drivers/serial/serial_v2.o
 *fill*         0x0000f84a        0x2 ff
 .rodata.__FUNCTION__.11
                0x0000f84c       0x1d ./rt-thread/components/drivers/serial/serial_v2.o
 *fill*         0x0000f869        0x3 ff
 .rodata.__FUNCTION__.10
                0x0000f86c       0x1c ./rt-thread/components/drivers/serial/serial_v2.o
 .rodata.__FUNCTION__.9
                0x0000f888       0x14 ./rt-thread/components/drivers/serial/serial_v2.o
 .rodata.__FUNCTION__.8
                0x0000f89c       0x14 ./rt-thread/components/drivers/serial/serial_v2.o
 .rodata.__FUNCTION__.7
                0x0000f8b0       0x15 ./rt-thread/components/drivers/serial/serial_v2.o
 *fill*         0x0000f8c5        0x3 ff
 .rodata.__FUNCTION__.6
                0x0000f8c8       0x15 ./rt-thread/components/drivers/serial/serial_v2.o
 *fill*         0x0000f8dd        0x3 ff
 .rodata.__FUNCTION__.5
                0x0000f8e0        0xf ./rt-thread/components/drivers/serial/serial_v2.o
 *fill*         0x0000f8ef        0x1 ff
 .rodata.__FUNCTION__.4
                0x0000f8f0        0xf ./rt-thread/components/drivers/serial/serial_v2.o
 *fill*         0x0000f8ff        0x1 ff
 .rodata.__FUNCTION__.3
                0x0000f900       0x10 ./rt-thread/components/drivers/serial/serial_v2.o
 .rodata.__FUNCTION__.2
                0x0000f910       0x12 ./rt-thread/components/drivers/serial/serial_v2.o
 *fill*         0x0000f922        0x2 ff
 .rodata.__FUNCTION__.1
                0x0000f924       0x16 ./rt-thread/components/drivers/serial/serial_v2.o
 *fill*         0x0000f93a        0x2 ff
 .rodata.__FUNCTION__.0
                0x0000f93c       0x11 ./rt-thread/components/drivers/serial/serial_v2.o
 *fill*         0x0000f94d        0x3 ff
 .rodata        0x0000f950      0x163 ./rt-thread/components/drivers/sensors/sensor.o
 *fill*         0x0000fab3        0x1 ff
 .rodata.sensor_name_str
                0x0000fab4       0x54 ./rt-thread/components/drivers/sensors/sensor.o
 .rodata.__FUNCTION__.4
                0x0000fb08        0xf ./rt-thread/components/drivers/sensors/sensor.o
 *fill*         0x0000fb17        0x1 ff
 .rodata.__FUNCTION__.3
                0x0000fb18       0x10 ./rt-thread/components/drivers/sensors/sensor.o
 .rodata.__FUNCTION__.2
                0x0000fb28        0xf ./rt-thread/components/drivers/sensors/sensor.o
 *fill*         0x0000fb37        0x1 ff
 .rodata.__FUNCTION__.1
                0x0000fb38       0x12 ./rt-thread/components/drivers/sensors/sensor.o
 *fill*         0x0000fb4a        0x2 ff
 .rodata.__FUNCTION__.0
                0x0000fb4c       0x16 ./rt-thread/components/drivers/sensors/sensor.o
 *fill*         0x0000fb62        0x2 ff
 .rodata        0x0000fb64      0x971 ./rt-thread/components/drivers/sensors/sensor_cmd.o
 *fill*         0x000104d5        0x3 ff
 .rodata.name   0x000104d8       0xad ./rt-thread/components/drivers/sensors/sensor_cmd.o
                0x000104d8                __fsym_sensor_fifo_name
                0x000104e4                __fsym_sensor_fifo_desc
                0x00010504                __fsym_sensor_int_name
                0x00010510                __fsym_sensor_int_desc
                0x00010534                __fsym_sensor_polling_name
                0x00010544                __fsym_sensor_polling_desc
                0x00010568                __fsym_sensor_name
                0x00010570                __fsym_sensor_desc
 *fill*         0x00010585        0x3 ff
 .rodata        0x00010588       0x37 ./rt-thread/components/drivers/misc/pin.o
 *fill*         0x000105bf        0x1 ff
 .rodata.__FUNCTION__.9
                0x000105c0        0xa ./rt-thread/components/drivers/misc/pin.o
 *fill*         0x000105ca        0x2 ff
 .rodata.__FUNCTION__.8
                0x000105cc        0xb ./rt-thread/components/drivers/misc/pin.o
 *fill*         0x000105d7        0x1 ff
 .rodata.__FUNCTION__.7
                0x000105d8        0xd ./rt-thread/components/drivers/misc/pin.o
 *fill*         0x000105e5        0x3 ff
 .rodata.__FUNCTION__.6
                0x000105e8       0x12 ./rt-thread/components/drivers/misc/pin.o
 *fill*         0x000105fa        0x2 ff
 .rodata.__FUNCTION__.4
                0x000105fc       0x12 ./rt-thread/components/drivers/misc/pin.o
 *fill*         0x0001060e        0x2 ff
 .rodata.__FUNCTION__.3
                0x00010610        0xc ./rt-thread/components/drivers/misc/pin.o
 .rodata.__FUNCTION__.2
                0x0001061c        0xd ./rt-thread/components/drivers/misc/pin.o
 *fill*         0x00010629        0x3 ff
 .rodata.__FUNCTION__.1
                0x0001062c        0xc ./rt-thread/components/drivers/misc/pin.o
 .rodata.__FUNCTION__.0
                0x00010638        0xb ./rt-thread/components/drivers/misc/pin.o
 *fill*         0x00010643        0x1 ff
 .rodata        0x00010644       0xd7 ./rt-thread/components/drivers/ipc/completion.o
 *fill*         0x0001071b        0x1 ff
 .rodata.__FUNCTION__.2
                0x0001071c       0x13 ./rt-thread/components/drivers/ipc/completion.o
 *fill*         0x0001072f        0x1 ff
 .rodata.__FUNCTION__.1
                0x00010730       0x13 ./rt-thread/components/drivers/ipc/completion.o
 *fill*         0x00010743        0x1 ff
 .rodata.__FUNCTION__.0
                0x00010744       0x13 ./rt-thread/components/drivers/ipc/completion.o
 *fill*         0x00010757        0x1 ff
 .rodata        0x00010758       0x19 ./rt-thread/components/drivers/ipc/ringbuffer.o
 *fill*         0x00010771        0x3 ff
 .rodata.__FUNCTION__.10
                0x00010774       0x13 ./rt-thread/components/drivers/ipc/ringbuffer.o
 *fill*         0x00010787        0x1 ff
 .rodata.__FUNCTION__.9
                0x00010788       0x12 ./rt-thread/components/drivers/ipc/ringbuffer.o
 *fill*         0x0001079a        0x2 ff
 .rodata.__FUNCTION__.7
                0x0001079c       0x12 ./rt-thread/components/drivers/ipc/ringbuffer.o
 *fill*         0x000107ae        0x2 ff
 .rodata.__FUNCTION__.5
                0x000107b0       0x16 ./rt-thread/components/drivers/ipc/ringbuffer.o
 *fill*         0x000107c6        0x2 ff
 .rodata.g_ioport
                0x000107c8        0xc ./ra_gen/common_data.o
                0x000107c8                g_ioport
 .rodata.g_external_irq0_cfg
                0x000107d4       0x14 ./ra_gen/hal_data.o
                0x000107d4                g_external_irq0_cfg
 .rodata.g_uart7_cfg_extend
                0x000107e8       0x10 ./ra_gen/hal_data.o
                0x000107e8                g_uart7_cfg_extend
 .rodata.g_uart7_cfg
                0x000107f8       0x20 ./ra_gen/hal_data.o
                0x000107f8                g_uart7_cfg
 .rodata.g_bsp_pin_cfg_data
                0x00010818      0x150 ./ra_gen/pin_data.o
                0x00010818                g_bsp_pin_cfg_data
 .rodata.g_bsp_pin_cfg
                0x00010968        0x8 ./ra_gen/pin_data.o
                0x00010968                g_bsp_pin_cfg
 .rodata.g_interrupt_event_link_select
                0x00010970       0xc0 ./ra_gen/vector_data.o
                0x00010970                g_interrupt_event_link_select
 .rodata.g_ioport_on_ioport
                0x00010a30       0x38 ./ra/fsp/src/r_ioport/r_ioport.o
                0x00010a30                g_ioport_on_ioport
 .rodata.g_vbatt_pins_input
                0x00010a68        0x6 ./ra/fsp/src/r_ioport/r_ioport.o
 *fill*         0x00010a6e        0x2 ff
 .rodata.g_prcr_masks
                0x00010a70        0x8 ./ra/fsp/src/bsp/mcu/all/bsp_register_protection.o
 .rodata        0x00010a78       0x52 ./packages/dhtxx-latest/src/dhtxx.o
 *fill*         0x00010aca        0x2 ff
 .rodata.__FUNCTION__.2
                0x00010acc        0x9 ./packages/dhtxx-latest/src/dhtxx.o
 *fill*         0x00010ad5        0x3 ff
 .rodata.__FUNCTION__.1
                0x00010ad8       0x11 ./packages/dhtxx-latest/src/dhtxx.o
 *fill*         0x00010ae9        0x3 ff
 .rodata.__FUNCTION__.0
                0x00010aec       0x14 ./packages/dhtxx-latest/src/dhtxx.o
 .rodata        0x00010b00      0x14c ./packages/dhtxx-latest/src/sensor_asair_dhtxx.o
 .rodata.__FUNCTION__.2
                0x00010c4c        0xa ./packages/dhtxx-latest/src/sensor_asair_dhtxx.o
 *fill*         0x00010c56        0x2 ff
 .rodata.__FUNCTION__.1
                0x00010c58       0x12 ./packages/dhtxx-latest/src/sensor_asair_dhtxx.o
 *fill*         0x00010c6a        0x2 ff
 .rodata.__FUNCTION__.0
                0x00010c6c       0x15 ./packages/dhtxx-latest/src/sensor_asair_dhtxx.o
 *fill*         0x00010c81        0x3 ff
 .rodata        0x00010c84       0x39 ./packages/dhtxx-latest/examples/dhtxx_sample.o
 *fill*         0x00010cbd        0x3 ff
 .rodata.name   0x00010cc0       0x30 ./packages/dhtxx-latest/examples/dhtxx_sample.o
                0x00010cc0                __fsym_cat_dhtxx_name
                0x00010ccc                __fsym_cat_dhtxx_desc
 .rodata        0x00010cf0       0xec ./packages/dhtxx-latest/examples/sensor_dhtxx_sample.o
 .rodata.name   0x00010ddc       0x2b ./packages/dhtxx-latest/examples/sensor_dhtxx_sample.o
                0x00010ddc                __fsym_dhtxx_read_sample_name
                0x00010df0                __fsym_dhtxx_read_sample_desc
 *fill*         0x00010e07        0x1 ff
 .rodata.name   0x00010e08       0x16 ./libraries/HAL_Drivers/drv_common.o
                0x00010e08                __fsym_reboot_name
                0x00010e10                __fsym_reboot_desc
 *fill*         0x00010e1e        0x2 ff
 .rodata        0x00010e20        0x6 ./libraries/HAL_Drivers/drv_common.o
 *fill*         0x00010e26        0x2 ff
 .rodata        0x00010e28      0x170 ./libraries/HAL_Drivers/drv_gpio.o
 .rodata._ra_pin_ops
                0x00010f98       0x1c ./libraries/HAL_Drivers/drv_gpio.o
 .rodata        0x00010fb4       0x6d ./libraries/HAL_Drivers/drv_usart_v2.o
 *fill*         0x00011021        0x3 ff
 .rodata.ra_uart_ops
                0x00011024       0x14 ./libraries/HAL_Drivers/drv_usart_v2.o
 .rodata.__FUNCTION__.3
                0x00011038       0x12 ./libraries/HAL_Drivers/drv_usart_v2.o
 *fill*         0x0001104a        0x2 ff
 .rodata.__FUNCTION__.2
                0x0001104c        0xd ./libraries/HAL_Drivers/drv_usart_v2.o
 *fill*         0x00011059        0x3 ff
 .rodata.__FUNCTION__.1
                0x0001105c       0x14 ./libraries/HAL_Drivers/drv_usart_v2.o
 .rodata.__FUNCTION__.0
                0x00011070       0x11 ./libraries/HAL_Drivers/drv_usart_v2.o
 *fill*         0x00011081        0x3 ff
 .rodata._global_impure_ptr
                0x00011084        0x4 d:/rt-threadstudio/repo/extract/toolchain_support_packages/arm/gnu_tools_for_arm_embedded_processors/10.2.1/bin/../lib/gcc/arm-none-eabi/10.2.1/../../../../arm-none-eabi/lib/thumb/v8-m.main+fp/hard\libc.a(lib_a-impure.o)
                0x00011084                _global_impure_ptr
 .rodata._ctype_
                0x00011088      0x101 d:/rt-threadstudio/repo/extract/toolchain_support_packages/arm/gnu_tools_for_arm_embedded_processors/10.2.1/bin/../lib/gcc/arm-none-eabi/10.2.1/../../../../arm-none-eabi/lib/thumb/v8-m.main+fp/hard\libc.a(lib_a-ctype_.o)
                0x00011088                _ctype_
                0x00011189                __usb_dev_descriptor_start_fs = .
 *(.usb_device_desc_fs*)
                0x00011189                __usb_cfg_descriptor_start_fs = .
 *(.usb_config_desc_fs*)
                0x00011189                __usb_interface_descriptor_start_fs = .
 *(.usb_interface_desc_fs*)
                0x00011189                __usb_descriptor_end_fs = .
                0x00011189                __usb_dev_descriptor_start_hs = .
 *(.usb_device_desc_hs*)
                0x00011189                __usb_cfg_descriptor_start_hs = .
 *(.usb_config_desc_hs*)
                0x00011189                __usb_interface_descriptor_start_hs = .
 *(.usb_interface_desc_hs*)
                0x00011189                __usb_descriptor_end_hs = .
 *(.eh_frame*)
 *fill*         0x00011189        0x3 ff
 .eh_frame      0x0001118c        0x0 d:/rt-threadstudio/repo/extract/toolchain_support_packages/arm/gnu_tools_for_arm_embedded_processors/10.2.1/bin/../lib/gcc/arm-none-eabi/10.2.1/thumb/v8-m.main+fp/hard/crtbegin.o
 .eh_frame      0x0001118c        0x4 d:/rt-threadstudio/repo/extract/toolchain_support_packages/arm/gnu_tools_for_arm_embedded_processors/10.2.1/bin/../lib/gcc/arm-none-eabi/10.2.1/thumb/v8-m.main+fp/hard/crtend.o
                0x00011190                __ROM_End = .
                0x000001c0                __Vectors_Size = (__Vectors_End - __Vectors)
